Component: ARM Compiler 5.06 update 7 (build 960) Tool: armlink [4d3601]

==============================================================================

Section Cross References

    main.o(i.main) refers to _printf_pad.o(.text) for _printf_pre_padding
    main.o(i.main) refers to _printf_percent.o(.ARM.Collect$$_printf_percent$$00000000) for _printf_percent
    main.o(i.main) refers to _printf_x.o(.ARM.Collect$$_printf_percent$$0000000C) for _printf_x
    main.o(i.main) refers to _printf_hex_int.o(.text) for _printf_longlong_hex
    main.o(i.main) refers to misc.o(i.NVIC_PriorityGroupConfig) for NVIC_PriorityGroupConfig
    main.o(i.main) refers to delay.o(i.delay_init) for delay_init
    main.o(i.main) refers to usart.o(i.usart_init) for usart_init
    main.o(i.main) refers to noretval__2printf.o(.text) for __2printf
    main.o(i.main) refers to beep.o(i.beep_init) for beep_init
    main.o(i.main) refers to led.o(i.led_init) for led_init
    main.o(i.main) refers to oled.o(i.OLED_Init) for OLED_Init
    main.o(i.main) refers to oled.o(i.OLED_ShowCenter) for OLED_ShowCenter
    main.o(i.main) refers to oled.o(i.OLED_Refresh) for OLED_Refresh
    main.o(i.main) refers to w25qxx.o(i.W25Q_Init) for W25Q_Init
    main.o(i.main) refers to w25qxx.o(i.W25Q_ReadID) for W25Q_ReadID
    main.o(i.main) refers to delay.o(i.delay_ms) for delay_ms
    main.o(i.main) refers to servo.o(i.Servo_Init) for Servo_Init
    main.o(i.main) refers to door_access.o(i.Door_Access_Init) for Door_Access_Init
    main.o(i.main) refers to as608_uart.o(i.AS608_USART2_Init) for AS608_USART2_Init
    main.o(i.main) refers to as608_uart.o(i.AS608_TIM2_Init) for AS608_TIM2_Init
    main.o(i.main) refers to as608.o(i.PS_StaGPIO_Init) for PS_StaGPIO_Init
    main.o(i.main) refers to as608.o(i.PS_HandShake) for PS_HandShake
    main.o(i.main) refers to freertos_test.o(i.set_as608_ok) for set_as608_ok
    main.o(i.main) refers to keypad.o(i.KeyPad_Init) for KeyPad_Init
    main.o(i.main) refers to esp8266.o(i.ESP8266_USART3_Init) for ESP8266_USART3_Init
    main.o(i.main) refers to freertos_test.o(i.freertos_demo) for freertos_demo
    main.o(i.main) refers to as608.o(.data) for AS608Addr
    stm32f10x_it.o(i.USART3_IRQHandler) refers to stm32f10x_usart.o(i.USART_GetITStatus) for USART_GetITStatus
    stm32f10x_it.o(i.USART3_IRQHandler) refers to esp8266.o(i.ESP_Receive_IRQ) for ESP_Receive_IRQ
    system_stm32f10x.o(i.SetSysClock) refers to system_stm32f10x.o(i.SetSysClockTo72) for SetSysClockTo72
    system_stm32f10x.o(i.SystemCoreClockUpdate) refers to system_stm32f10x.o(.data) for SystemCoreClock
    system_stm32f10x.o(i.SystemInit) refers to system_stm32f10x.o(i.SetSysClock) for SetSysClock
    freertos_test.o(i.Main_Task) refers to _printf_percent.o(.ARM.Collect$$_printf_percent$$00000000) for _printf_percent
    freertos_test.o(i.Main_Task) refers to _printf_c.o(.ARM.Collect$$_printf_percent$$00000013) for _printf_c
    freertos_test.o(i.Main_Task) refers to _printf_str.o(.text) for _printf_str
    freertos_test.o(i.Main_Task) refers to door_access.o(i.Password_Load) for Password_Load
    freertos_test.o(i.Main_Task) refers to app_ui.o(i.UI_IdleScreen) for UI_IdleScreen
    freertos_test.o(i.Main_Task) refers to door_access.o(i.Door_Get_Event) for Door_Get_Event
    freertos_test.o(i.Main_Task) refers to keypad.o(i.KeyPad_Scan) for KeyPad_Scan
    freertos_test.o(i.Main_Task) refers to app_state.o(i.App_GetState) for App_GetState
    freertos_test.o(i.Main_Task) refers to stm32f10x_gpio.o(i.GPIO_ReadInputDataBit) for GPIO_ReadInputDataBit
    freertos_test.o(i.Main_Task) refers to app_ui.o(i.Screen_WakeUp) for Screen_WakeUp
    freertos_test.o(i.Main_Task) refers to app_state.o(i.Handle_Door_Event) for Handle_Door_Event
    freertos_test.o(i.Main_Task) refers to noretval__2printf.o(.text) for __2printf
    freertos_test.o(i.Main_Task) refers to app_state.o(i.Handle_Key) for Handle_Key
    freertos_test.o(i.Main_Task) refers to app_ui.o(i.UI_ShowMessage) for UI_ShowMessage
    freertos_test.o(i.Main_Task) refers to as608.o(i.press_FR) for press_FR
    freertos_test.o(i.Main_Task) refers to door_access.o(i.Door_Unlock) for Door_Unlock
    freertos_test.o(i.Main_Task) refers to beep.o(i.Beep_Err) for Beep_Err
    freertos_test.o(i.Main_Task) refers to tasks.o(i.vTaskDelay) for vTaskDelay
    freertos_test.o(i.Main_Task) refers to as608.o(i.PS_GetImage) for PS_GetImage
    freertos_test.o(i.Main_Task) refers to app_ui.o(i.Screen_TickIdle) for Screen_TickIdle
    freertos_test.o(i.Main_Task) refers to keypad.o(i.KeyPad_IsAnyKeyPressed) for KeyPad_IsAnyKeyPressed
    freertos_test.o(i.Main_Task) refers to power.o(i.Enter_LowPower) for Enter_LowPower
    freertos_test.o(i.Main_Task) refers to freertos_test.o(.data) for as608_ok
    freertos_test.o(i.RFID_Task) refers to queue.o(i.xQueueSemaphoreTake) for xQueueSemaphoreTake
    freertos_test.o(i.RFID_Task) refers to door_access.o(i.Door_Access_Scan) for Door_Access_Scan
[...]
    uxSchedulerSuspended                     0x200000c8   Data           4  tasks.o(.data)
    .bss                                     0x200000cc   Section       16  door_access.o(.bss)
    card_whitelist                           0x200000cc   Data          16  door_access.o(.bss)
    .bss                                     0x200000dc   Section      200  usart.o(.bss)
    .bss                                     0x200001a4   Section      256  esp8266.o(.bss)
    .bss                                     0x200002a4   Section      400  as608_uart.o(.bss)
    .bss                                     0x20000434   Section      100  as608.o(.bss)
    usedIDs                                  0x20000434   Data         100  as608.o(.bss)
    .bss                                     0x20000498   Section     1024  oled.o(.bss)
    .bss                                     0x20000898   Section    17408  heap_4.o(.bss)
    ucHeap                                   0x20000898   Data       17408  heap_4.o(.bss)
    .bss                                     0x20004c98   Section      200  tasks.o(.bss)
    pxReadyTasksLists                        0x20004c98   Data         100  tasks.o(.bss)
    xDelayedTaskList1                        0x20004cfc   Data          20  tasks.o(.bss)
    xDelayedTaskList2                        0x20004d10   Data          20  tasks.o(.bss)
    xPendingReadyList                        0x20004d24   Data          20  tasks.o(.bss)
    xTasksWaitingTermination                 0x20004d38   Data          20  tasks.o(.bss)
    xSuspendedTaskList                       0x20004d4c   Data          20  tasks.o(.bss)
    .bss                                     0x20004d60   Section       96  libspace.o(.bss)
    HEAP                                     0x20004dc0   Section      512  startup_stm32f10x_md.o(HEAP)
    Heap_Mem                                 0x20004dc0   Data         512  startup_stm32f10x_md.o(HEAP)
    STACK                                    0x20004fc0   Section     1024  startup_stm32f10x_md.o(STACK)
    Stack_Mem                                0x20004fc0   Data        1024  startup_stm32f10x_md.o(STACK)
    __initial_sp                             0x200053c0   Data           0  startup_stm32f10x_md.o(STACK)

    Global Symbols

    Symbol Name                              Value     Ov Type        Size  Object(Section)

    BuildAttributes$$THM_ISAv4$P$D$K$B$S$PE$A:L22UL41UL21$X:L11$S22US41US21$IEEE1$IW$USESV6$~STKCKD$USESV7$~SHL$OSPACE$ROPI$EBA8$UX$STANDARDLIB$REQ8$PRES8$EABIv2 0x00000000   Number         0  anon$$obj.o ABSOLUTE
    __ARM_use_no_argv                        0x00000000   Number         0  main.o ABSOLUTE
    _printf_flags                            0x00000000   Number         0  printf_stubs.o ABSOLUTE
    _printf_return_value                     0x00000000   Number         0  printf_stubs.o ABSOLUTE
    _printf_sizespec                         0x00000000   Number         0  printf_stubs.o ABSOLUTE
    _printf_widthprec                        0x00000000   Number         0  printf_stubs.o ABSOLUTE
    __ARM_exceptions_init                     - Undefined Weak Reference
    __alloca_initialize                       - Undefined Weak Reference
    __arm_fini_                               - Undefined Weak Reference
    __arm_preinit_                            - Undefined Weak Reference
    __cpp_initialize__aeabi_                  - Undefined Weak Reference
    __cxa_finalize                            - Undefined Weak Reference
    __rt_locale                               - Undefined Weak Reference
    __sigvec_lookup                           - Undefined Weak Reference
    _atexit_init                              - Undefined Weak Reference
    _call_atexit_fns                          - Undefined Weak Reference
    _clock_init                               - Undefined Weak Reference
    _fp_trap_init                             - Undefined Weak Reference
    _fp_trap_shutdown                         - Undefined Weak Reference
    _get_lc_collate                           - Undefined Weak Reference
    _get_lc_ctype                             - Undefined Weak Reference
    _get_lc_monetary                          - Undefined Weak Reference
    _get_lc_numeric                           - Undefined Weak Reference
    _get_lc_time                              - Undefined Weak Reference
    _getenv_init                              - Undefined Weak Reference
    _handle_redirection                       - Undefined Weak Reference
    _init_alloc                               - Undefined Weak Reference
    _init_user_alloc                          - Undefined Weak Reference
    _initio                                   - Undefined Weak Reference
    _mutex_acquire                            - Undefined Weak Reference
    _mutex_release                            - Undefined Weak Reference
    _printf_mbtowc                            - Undefined Weak Reference
    _printf_truncate_signed                   - Undefined Weak Reference
    _printf_truncate_unsigned                 - Undefined Weak Reference
    _rand_init                                - Undefined Weak Reference
    _signal_finish                            - Undefined Weak Reference
    _signal_init                              - Undefined Weak Reference
    _terminate_alloc                          - Undefined Weak Reference
    _terminate_user_alloc                     - Undefined Weak Reference
    _terminateio                              - Undefined Weak Reference
    __Vectors_Size                           0x000000ec   Number         0  startup_stm32f10x_md.o ABSOLUTE
    __Vectors                                0x08000000   Data           4  startup_stm32f10x_md.o(RESET)
    __Vectors_End                            0x080000ec   Data           0  startup_stm32f10x_md.o(RESET)
    __main                                   0x080000ed   Thumb Code     8  __main.o(!!!main)
    __scatterload                            0x080000f5   Thumb Code     0  __scatter.o(!!!scatter)
    __scatterload_rt2                        0x080000f5   Thumb Code    44  __scatter.o(!!!scatter)
    __scatterload_rt2_thumb_only             0x080000f5   Thumb Code     0  __scatter.o(!!!scatter)
    __scatterload_null                       0x08000103   Thumb Code     0  __scatter.o(!!!scatter)
    __scatterload_copy                       0x08000129   Thumb Code    26  __scatter_copy.o(!!handler_copy)
    __scatterload_zeroinit                   0x08000145   Thumb Code    28  __scatter_zi.o(!!handler_zi)
    _printf_d                                0x08000161   Thumb Code     0  _printf_d.o(.ARM.Collect$$_printf_percent$$00000009)
    _printf_percent                          0x08000161   Thumb Code     0  _printf_percent.o(.ARM.Collect$$_printf_percent$$00000000)
    _printf_u                                0x08000167   Thumb Code     0  _printf_u.o(.ARM.Collect$$_printf_percent$$0000000A)
    _printf_x                                0x0800016d   Thumb Code     0  _printf_x.o(.ARM.Collect$$_printf_percent$$0000000C)
    _printf_c                                0x08000173   Thumb Code     0  _printf_c.o(.ARM.Collect$$_printf_percent$$00000013)
    _printf_s                                0x08000179   Thumb Code     0  _printf_s.o(.ARM.Collect$$_printf_percent$$00000014)
    _printf_percent_end                      0x0800017f   Thumb Code     0  _printf_percent_end.o(.ARM.Collect$$_printf_percent$$00000017)
    __rt_lib_init                            0x08000183   Thumb Code     0  libinit.o(.ARM.Collect$$libinit$$00000000)
    __rt_lib_init_alloca_1                   0x08000185   Thumb Code     0  libinit2.o(.ARM.Collect$$libinit$$0000002E)
    __rt_lib_init_argv_1                     0x08000185   Thumb Code     0  libinit2.o(.ARM.Collect$$libinit$$0000002C)
    __rt_lib_init_atexit_1                   0x08000185   Thumb Code     0  libinit2.o(.ARM.Collect$$libinit$$0000001B)
    __rt_lib_init_clock_1                    0x08000185   Thumb Code     0  libinit2.o(.ARM.Collect$$libinit$$00000021)
    __rt_lib_init_cpp_1                      0x08000185   Thumb Code     0  libinit2.o(.ARM.Collect$$libinit$$00000032)
    __rt_lib_init_exceptions_1               0x08000185   Thumb Code     0  libinit2.o(.ARM.Collect$$libinit$$00000030)
    __rt_lib_init_fp_1                       0x08000185   Thumb Code     0  libinit2.o(.ARM.Collect$$libinit$$00000002)
    __rt_lib_init_fp_trap_1                  0x08000185   Thumb Code     0  libinit2.o(.ARM.Collect$$libinit$$0000001F)
    __rt_lib_init_getenv_1                   0x08000185   Thumb Code     0  libinit2.o(.ARM.Collect$$libinit$$00000023)
    __rt_lib_init_heap_1                     0x08000185   Thumb Code     0  libinit2.o(.ARM.Collect$$libinit$$0000000A)
    __rt_lib_init_lc_collate_1               0x08000185   Thumb Code     0  libinit2.o(.ARM.Collect$$libinit$$00000011)
    __rt_lib_init_lc_ctype_1                 0x08000185   Thumb Code     0  libinit2.o(.ARM.Collect$$libinit$$00000013)
    __rt_lib_init_lc_monetary_1              0x08000185   Thumb Code     0  libinit2.o(.ARM.Collect$$libinit$$00000015)
    __rt_lib_init_lc_numeric_1               0x08000185   Thumb Code     0  libinit2.o(.ARM.Collect$$libinit$$00000017)
    __rt_lib_init_lc_time_1                  0x08000185   Thumb Code     0  libinit2.o(.ARM.Collect$$libinit$$00000019)
    __rt_lib_init_preinit_1                  0x08000185   Thumb Code     0  libinit2.o(.ARM.Collect$$libinit$$00000004)
    __rt_lib_init_rand_1                     0x08000185   Thumb Code     0  libinit2.o(.ARM.Collect$$libinit$$0000000E)
    __rt_lib_init_return                     0x08000185   Thumb Code     0  libinit2.o(.ARM.Collect$$libinit$$00000033)
    __rt_lib_init_signal_1                   0x08000185   Thumb Code     0  libinit2.o(.ARM.Collect$$libinit$$0000001D)
    __rt_lib_init_stdio_1                    0x08000185   Thumb Code     0  libinit2.o(.ARM.Collect$$libinit$$00000025)
    __rt_lib_init_user_alloc_1               0x08000185   Thumb Code     0  libinit2.o(.ARM.Collect$$libinit$$0000000C)
    __rt_lib_shutdown                        0x08000187   Thumb Code     0  libshutdown.o(.ARM.Collect$$libshutdown$$00000000)
    __rt_lib_shutdown_cpp_1                  0x08000189   Thumb Code     0  libshutdown2.o(.ARM.Collect$$libshutdown$$00000004)
    __rt_lib_shutdown_fini_1                 0x08000189   Thumb Code     0  libshutdown2.o(.ARM.Collect$$libshutdown$$00000002)
    __rt_lib_shutdown_fp_trap_1              0x08000189   Thumb Code     0  libshutdown2.o(.ARM.Collect$$libshutdown$$00000009)
    __rt_lib_shutdown_heap_1                 0x08000189   Thumb Code     0  libshutdown2.o(.ARM.Collect$$libshutdown$$00000011)
    __rt_lib_shutdown_return                 0x08000189   Thumb Code     0  libshutdown2.o(.ARM.Collect$$libshutdown$$00000012)
    __rt_lib_shutdown_signal_1               0x08000189   Thumb Code     0  libshutdown2.o(.ARM.Collect$$libshutdown$$0000000C)
    __rt_lib_shutdown_stdio_1                0x08000189   Thumb Code     0  libshutdown2.o(.ARM.Collect$$libshutdown$$00000006)
    __rt_lib_shutdown_user_alloc_1           0x08000189   Thumb Code     0  libshutdown2.o(.ARM.Collect$$libshutdown$$0000000E)
    __rt_entry                               0x0800018b   Thumb Code     0  __rtentry.o(.ARM.Collect$$rtentry$$00000000)
    __rt_entry_presh_1                       0x0800018b   Thumb Code     0  __rtentry2.o(.ARM.Collect$$rtentry$$00000002)
    __rt_entry_sh                            0x0800018b   Thumb Code     0  __rtentry4.o(.ARM.Collect$$rtentry$$00000004)
    __rt_entry_li                            0x08000191   Thumb Code     0  __rtentry2.o(.ARM.Collect$$rtentry$$0000000A)
    __rt_entry_postsh_1                      0x08000191   Thumb Code     0  __rtentry2.o(.ARM.Collect$$rtentry$$00000009)
    __rt_entry_main                          0x08000195   Thumb Code     0  __rtentry2.o(.ARM.Collect$$rtentry$$0000000D)
    __rt_entry_postli_1                      0x08000195   Thumb Code     0  __rtentry2.o(.ARM.Collect$$rtentry$$0000000C)
    __rt_exit                                0x0800019d   Thumb Code     0  rtexit.o(.ARM.Collect$$rtexit$$00000000)
    __rt_exit_ls                             0x0800019f   Thumb Code     0  rtexit2.o(.ARM.Collect$$rtexit$$00000003)
    __rt_exit_prels_1                        0x0800019f   Thumb Code     0  rtexit2.o(.ARM.Collect$$rtexit$$00000002)
    __rt_exit_exit                           0x080001a3   Thumb Code     0  rtexit2.o(.ARM.Collect$$rtexit$$00000004)
    SVC_Handler                              0x080001a9   Thumb Code    32  port.o(.emb_text)
    __asm___6_port_c_39a90d8d__prvStartFirstTask 0x080001cd   Thumb Code    28  port.o(.emb_text)
    PendSV_Handler                           0x080001ed   Thumb Code    72  port.o(.emb_text)
    vPortGetIPSR                             0x08000239   Thumb Code     6  port.o(.emb_text)
    Reset_Handler                            0x08000241   Thumb Code     8  startup_stm32f10x_md.o(.text)
    ADC1_2_IRQHandler                        0x0800025b   Thumb Code     0  startup_stm32f10x_md.o(.text)
    CAN1_RX1_IRQHandler                      0x0800025b   Thumb Code     0  startup_stm32f10x_md.o(.text)
    CAN1_SCE_IRQHandler                      0x0800025b   Thumb Code     0  startup_stm32f10x_md.o(.text)
    DMA1_Channel1_IRQHandler                 0x0800025b   Thumb Code     0  startup_stm32f10x_md.o(.text)
    DMA1_Channel2_IRQHandler                 0x0800025b   Thumb Code     0  startup_stm32f10x_md.o(.text)
    DMA1_Channel3_IRQHandler                 0x0800025b   Thumb Code     0  startup_stm32f10x_md.o(.text)
    DMA1_Channel4_IRQHandler                 0x0800025b   Thumb Code     0  startup_stm32f10x_md.o(.text)
    DMA1_Channel5_IRQHandler                 0x0800025b   Thumb Code     0  startup_stm32f10x_md.o(.text)
    DMA1_Channel6_IRQHandler                 0x0800025b   Thumb Code     0  startup_stm32f10x_md.o(.text)
    DMA1_Channel7_IRQHandler                 0x0800025b   Thumb Code     0  startup_stm32f10x_md.o(.text)
    EXTI0_IRQHandler                         0x0800025b   Thumb Code     0  startup_stm32f10x_md.o(.text)
    EXTI15_10_IRQHandler                     0x0800025b   Thumb Code     0  startup_stm32f10x_md.o(.text)
    EXTI1_IRQHandler                         0x0800025b   Thumb Code     0  startup_stm32f10x_md.o(.text)
    EXTI2_IRQHandler                         0x0800025b   Thumb Code     0  startup_stm32f10x_md.o(.text)
    EXTI3_IRQHandler                         0x0800025b   Thumb Code     0  startup_stm32f10x_md.o(.text)
    FLASH_IRQHandler                         0x0800025b   Thumb Code     0  startup_stm32f10x_md.o(.text)
    I2C1_ER_IRQHandler                       0x0800025b   Thumb Code     0  startup_stm32f10x_md.o(.text)
    I2C1_EV_IRQHandler                       0x0800025b   Thumb Code     0  startup_stm32f10x_md.o(.text)
    I2C2_ER_IRQHandler                       0x0800025b   Thumb Code     0  startup_stm32f10x_md.o(.text)
    I2C2_EV_IRQHandler                       0x0800025b   Thumb Code     0  startup_stm32f10x_md.o(.text)
    PVD_IRQHandler                           0x0800025b   Thumb Code     0  startup_stm32f10x_md.o(.text)
    RCC_IRQHandler                           0x0800025b   Thumb Code     0  startup_stm32f10x_md.o(.text)
    RTCAlarm_IRQHandler                      0x0800025b   Thumb Code     0  startup_stm32f10x_md.o(.text)
    RTC_IRQHandler                           0x0800025b   Thumb Code     0  startup_stm32f10x_md.o(.text)
    SPI1_IRQHandler                          0x0800025b   Thumb Code     0  startup_stm32f10x_md.o(.text)
    SPI2_IRQHandler                          0x0800025b   Thumb Code     0  startup_stm32f10x_md.o(.text)
    TAMPER_IRQHandler                        0x0800025b   Thumb Code     0  startup_stm32f10x_md.o(.text)
    TIM1_BRK_IRQHandler                      0x0800025b   Thumb Code     0  startup_stm32f10x_md.o(.text)
    TIM1_CC_IRQHandler                       0x0800025b   Thumb Code     0  startup_stm32f10x_md.o(.text)
    TIM1_TRG_COM_IRQHandler                  0x0800025b   Thumb Code     0  startup_stm32f10x_md.o(.text)
    TIM1_UP_IRQHandler                       0x0800025b   Thumb Code     0  startup_stm32f10x_md.o(.text)
    TIM3_IRQHandler                          0x0800025b   Thumb Code     0  startup_stm32f10x_md.o(.text)
    USBWakeUp_IRQHandler                     0x0800025b   Thumb Code     0  startup_stm32f10x_md.o(.text)
    USB_HP_CAN1_TX_IRQHandler                0x0800025b   Thumb Code     0  startup_stm32f10x_md.o(.text)
    USB_LP_CAN1_RX0_IRQHandler               0x0800025b   Thumb Code     0  startup_stm32f10x_md.o(.text)
    WWDG_IRQHandler                          0x0800025b   Thumb Code     0  startup_stm32f10x_md.o(.text)
    __user_initial_stackheap                 0x0800025d   Thumb Code     0  startup_stm32f10x_md.o(.text)
    __use_no_semihosting                     0x08000281   Thumb Code     2  use_no_semi_2.o(.text)
    __2printf                                0x08000285   Thumb Code    20  noretval__2printf.o(.text)
    __2sprintf                               0x0800029d   Thumb Code    34  noretval__2sprintf.o(.text)
    _printf_pre_padding                      0x080002c5   Thumb Code    44  _printf_pad.o(.text)
    _printf_post_padding                     0x080002f1   Thumb Code    34  _printf_pad.o(.text)
    _printf_str                              0x08000313   Thumb Code    82  _printf_str.o(.text)
    _printf_int_dec                          0x08000365   Thumb Code   104  _printf_dec.o(.text)
    _printf_int_hex                          0x080003dd   Thumb Code    84  _printf_hex_int.o(.text)
    _printf_longlong_hex                     0x080003dd   Thumb Code     0  _printf_hex_int.o(.text)
    __printf                                 0x08000435   Thumb Code   308  __printf_flags_wp.o(.text)
    strstr                                   0x0800056d   Thumb Code    36  strstr.o(.text)
    memcmp                                   0x08000591   Thumb Code    88  memcmp.o(.text)
    strlen                                   0x080005e9   Thumb Code    62  strlen.o(.text)
    strcat                                   0x08000627   Thumb Code    24  strcat.o(.text)
    __aeabi_memclr                           0x0800063f   Thumb Code     0  rt_memclr.o(.text)
    __rt_memclr                              0x0800063f   Thumb Code    68  rt_memclr.o(.text)
    _memset                                  0x08000643   Thumb Code     0  rt_memclr.o(.text)
    __aeabi_memclr4                          0x08000683   Thumb Code     0  rt_memclr_w.o(.text)
    __aeabi_memclr8                          0x08000683   Thumb Code     0  rt_memclr_w.o(.text)
    __rt_memclr_w                            0x08000683   Thumb Code    78  rt_memclr_w.o(.text)
    _memset_w                                0x08000687   Thumb Code     0  rt_memclr_w.o(.text)
    __use_two_region_memory                  0x080006d1   Thumb Code     2  heapauxi.o(.text)
    __rt_heap_escrow$2region                 0x080006d3   Thumb Code     2  heapauxi.o(.text)
    __rt_heap_expand$2region                 0x080006d5   Thumb Code     2  heapauxi.o(.text)
    __I$use$semihosting                      0x080006d7   Thumb Code     0  use_no_semi.o(.text)
    __use_no_semihosting_swi                 0x080006d7   Thumb Code     2  use_no_semi.o(.text)
    _printf_int_common                       0x080006d9   Thumb Code   178  _printf_intcommon.o(.text)
    _printf_char_common                      0x08000797   Thumb Code    32  _printf_char_common.o(.text)
    _sputc                                   0x080007bd   Thumb Code    10  _sputc.o(.text)
    _printf_cs_common                        0x080007c7   Thumb Code    20  _printf_char.o(.text)
    _printf_char                             0x080007db   Thumb Code    16  _printf_char.o(.text)
    _printf_string                           0x080007eb   Thumb Code     8  _printf_char.o(.text)
    _printf_char_file                        0x080007f5   Thumb Code    32  _printf_char_file.o(.text)
    ferror                                   0x08000819   Thumb Code     8  ferror.o(.text)
    __user_setup_stackheap                   0x08000821   Thumb Code    74  sys_stackheap_outer.o(.text)
    exit                                     0x0800086b   Thumb Code    18  exit.o(.text)
    __user_libspace                          0x0800087d   Thumb Code     8  libspace.o(.text)
    __user_perproc_libspace                  0x0800087d   Thumb Code     0  libspace.o(.text)
    __user_perthread_libspace                0x0800087d   Thumb Code     0  libspace.o(.text)
    AS608_SendByte                           0x08000885   Thumb Code    22  as608_uart.o(i.AS608_SendByte)
    AS608_TIM2_Init                          0x080008a1   Thumb Code   110  as608_uart.o(i.AS608_TIM2_Init)
    AS608_USART2_Init                        0x08000915   Thumb Code   154  as608_uart.o(i.AS608_USART2_Init)
    Add_FR                                   0x080009b9   Thumb Code   330  as608.o(i.Add_FR)
    App_GetState                             0x08000c2d   Thumb Code     6  app_state.o(i.App_GetState)
    App_Reset                                0x08000c39   Thumb Code    28  app_state.o(i.App_Reset)
    BEEP_OFF                                 0x08000c69   Thumb Code    14  beep.o(i.BEEP_OFF)
    BEEP_ON                                  0x08000c7d   Thumb Code    14  beep.o(i.BEEP_ON)
    Beep_Click                               0x08000c91   Thumb Code    18  beep.o(i.Beep_Click)
    Beep_Err                                 0x08000ca3   Thumb Code    36  beep.o(i.Beep_Err)
    Beep_Fail                                0x08000cc7   Thumb Code    28  esp8266.o(i.Beep_Fail)
    Beep_N                                   0x08000ce3   Thumb Code    38  esp8266.o(i.Beep_N)
    Beep_OK                                  0x08000d09   Thumb Code    20  beep.o(i.Beep_OK)
    BusFault_Handler                         0x08000d1d   Thumb Code     4  stm32f10x_it.o(i.BusFault_Handler)
    CalulateCRC                              0x08000d21   Thumb Code   108  rc522.o(i.CalulateCRC)
    ClearBitMask                             0x08000d8d   Thumb Code    26  rc522.o(i.ClearBitMask)
    DebugMon_Handler                         0x08000da7   Thumb Code     2  stm32f10x_it.o(i.DebugMon_Handler)
    Del_FR                                   0x08000dc5   Thumb Code    48  as608.o(i.Del_FR)
    Door_Access_Init                         0x08000e21   Thumb Code    12  door_access.o(i.Door_Access_Init)
    Door_Access_Scan                         0x08000e2d   Thumb Code   554  door_access.o(i.Door_Access_Scan)
    Door_Add_Card                            0x08001155   Thumb Code   108  door_access.o(i.Door_Add_Card)
    Door_Delete_Card                         0x080011c9   Thumb Code   130  door_access.o(i.Door_Delete_Card)
    Door_Get_Event                           0x08001255   Thumb Code    12  door_access.o(i.Door_Get_Event)
    Door_Get_Last_Card                       0x08001265   Thumb Code    14  door_access.o(i.Door_Get_Last_Card)
    Door_Load_Whitelist                      0x0800127d   Thumb Code   164  door_access.o(i.Door_Load_Whitelist)
    Door_Save_Whitelist                      0x080013b1   Thumb Code   144  door_access.o(i.Door_Save_Whitelist)
    Door_Set_Mode                            0x08001449   Thumb Code    16  door_access.o(i.Door_Set_Mode)
    Door_Unlock                              0x08001465   Thumb Code    40  door_access.o(i.Door_Unlock)
    ESP8266_Init_Connect                     0x080014ad   Thumb Code   662  esp8266.o(i.ESP8266_Init_Connect)
    ESP8266_USART3_Init                      0x08001a59   Thumb Code   158  esp8266.o(i.ESP8266_USART3_Init)
    ESP_ClearBuf                             0x08001b01   Thumb Code    20  esp8266.o(i.ESP_ClearBuf)
    ESP_ParseDownlink                        0x08001b1d   Thumb Code    46  esp8266.o(i.ESP_ParseDownlink)
    ESP_Receive_IRQ                          0x08001b69   Thumb Code    44  esp8266.o(i.ESP_Receive_IRQ)
    ESP_Reconnect                            0x08001ba1   Thumb Code    38  esp8266.o(i.ESP_Reconnect)
    ESP_SendByte                             0x08001c05   Thumb Code    28  esp8266.o(i.ESP_SendByte)
    ESP_SendHeartbeat                        0x08001c25   Thumb Code    50  esp8266.o(i.ESP_SendHeartbeat)
    ESP_SendString                           0x08001ca9   Thumb Code    22  esp8266.o(i.ESP_SendString)
    ESP_SendTCP                              0x08001cc1   Thumb Code   134  esp8266.o(i.ESP_SendTCP)
    ESP_StrFind                              0x08001d7d   Thumb Code    24  esp8266.o(i.ESP_StrFind)
    ESP_Upload_DoorState                     0x08001d95   Thumb Code   106  esp8266.o(i.ESP_Upload_DoorState)
    EXTI4_IRQHandler                         0x08001ead   Thumb Code    18  power.o(i.EXTI4_IRQHandler)
    EXTI9_5_IRQHandler                       0x08001ebf   Thumb Code    46  power.o(i.EXTI9_5_IRQHandler)
    EXTI_ClearITPendingBit                   0x08001eed   Thumb Code     6  stm32f10x_exti.o(i.EXTI_ClearITPendingBit)
    EXTI_GetITStatus                         0x08001ef9   Thumb Code    34  stm32f10x_exti.o(i.EXTI_GetITStatus)
    EXTI_Init                                0x08001f21   Thumb Code   142  stm32f10x_exti.o(i.EXTI_Init)
    EnsureMessage                            0x08001fb5   Thumb Code   140  as608.o(i.EnsureMessage)
    Enter_LowPower                           0x0800220d   Thumb Code   146  power.o(i.Enter_LowPower)
    GPIO_EXTILineConfig                      0x0800243d   Thumb Code    60  stm32f10x_gpio.o(i.GPIO_EXTILineConfig)
    GPIO_Init                                0x0800247d   Thumb Code   278  stm32f10x_gpio.o(i.GPIO_Init)
    GPIO_ReadInputDataBit                    0x08002593   Thumb Code    18  stm32f10x_gpio.o(i.GPIO_ReadInputDataBit)
    GPIO_ResetBits                           0x080025a5   Thumb Code     4  stm32f10x_gpio.o(i.GPIO_ResetBits)
    GPIO_SetBits                             0x080025a9   Thumb Code     4  stm32f10x_gpio.o(i.GPIO_SetBits)
    GPIO_WriteBit                            0x080025ad   Thumb Code    10  stm32f10x_gpio.o(i.GPIO_WriteBit)
    GetAvailableID                           0x080025b9   Thumb Code    32  as608.o(i.GetAvailableID)
    Handle_Door_Event                        0x080026a1   Thumb Code   238  app_state.o(i.Handle_Door_Event)
    Handle_Key                               0x08002985   Thumb Code    68  app_state.o(i.Handle_Key)
    Handle_WiFi_Downlink                     0x08002c11   Thumb Code   164  esp8266.o(i.Handle_WiFi_Downlink)
    HardFault_Handler                        0x08002cf9   Thumb Code     4  stm32f10x_it.o(i.HardFault_Handler)
    KeyPad_Init                              0x08002db9   Thumb Code    94  keypad.o(i.KeyPad_Init)
    KeyPad_IsAnyKeyPressed                   0x08002e25   Thumb Code    82  keypad.o(i.KeyPad_IsAnyKeyPressed)
    KeyPad_Scan                              0x08002eb1   Thumb Code   194  keypad.o(i.KeyPad_Scan)
    LED1_OFF                                 0x08002f89   Thumb Code    12  led.o(i.LED1_OFF)
    LED1_ON                                  0x08002f99   Thumb Code    12  led.o(i.LED1_ON)
    M500PcdConfigISOType                     0x08002fa9   Thumb Code    90  rc522.o(i.M500PcdConfigISOType)
    Main_Task                                0x08003011   Thumb Code   262  freertos_test.o(i.Main_Task)
    MemManage_Handler                        0x08003161   Thumb Code     4  stm32f10x_it.o(i.MemManage_Handler)
    NMI_Handler                              0x08003165   Thumb Code     2  stm32f10x_it.o(i.NMI_Handler)
    NVIC_Init                                0x08003181   Thumb Code   100  misc.o(i.NVIC_Init)
    NVIC_PriorityGroupConfig                 0x080031f1   Thumb Code    10  misc.o(i.NVIC_PriorityGroupConfig)
    OLED_Clear                               0x08003205   Thumb Code    14  oled.o(i.OLED_Clear)
    OLED_DisplayOff                          0x08003219   Thumb Code    10  oled.o(i.OLED_DisplayOff)
    OLED_DisplayOn                           0x08003223   Thumb Code    10  oled.o(i.OLED_DisplayOn)
    OLED_DrawPoint                           0x0800322d   Thumb Code    84  oled.o(i.OLED_DrawPoint)
    OLED_Init                                0x08003285   Thumb Code   418  oled.o(i.OLED_Init)
    OLED_Refresh                             0x0800343d   Thumb Code    90  oled.o(i.OLED_Refresh)
    OLED_SPI2_Mode                           0x080034a5   Thumb Code   104  oled.o(i.OLED_SPI2_Mode)
    OLED_ShowCenter                          0x08003515   Thumb Code    54  oled.o(i.OLED_ShowCenter)
    OLED_ShowChar                            0x0800354d   Thumb Code   128  oled.o(i.OLED_ShowChar)
    OLED_ShowStr                             0x080035d1   Thumb Code    36  oled.o(i.OLED_ShowStr)
    PS_DeletChar                             0x08003625   Thumb Code   108  as608.o(i.PS_DeletChar)
    PS_GenChar                               0x08003691   Thumb Code    70  as608.o(i.PS_GenChar)
    PS_GetImage                              0x080036d7   Thumb Code    58  as608.o(i.PS_GetImage)
    PS_HandShake                             0x08003711   Thumb Code   188  as608.o(i.PS_HandShake)
    PS_HighSpeedSearch                       0x08003819   Thumb Code   144  as608.o(i.PS_HighSpeedSearch)
    PS_Match                                 0x080038a9   Thumb Code    58  as608.o(i.PS_Match)
    PS_RegModel                              0x080038e3   Thumb Code    58  as608.o(i.PS_RegModel)
    PS_StaGPIO_Init                          0x0800391d   Thumb Code    32  as608.o(i.PS_StaGPIO_Init)
    PS_StoreChar                             0x08003941   Thumb Code    96  as608.o(i.PS_StoreChar)
    PWR_EnterSTOPMode                        0x080039a1   Thumb Code    54  stm32f10x_pwr.o(i.PWR_EnterSTOPMode)
    Password_Load                            0x080039e1   Thumb Code   116  door_access.o(i.Password_Load)
    Password_Save                            0x08003aa5   Thumb Code    30  door_access.o(i.Password_Save)
    PcdAntennaOff                            0x08003ae5   Thumb Code    12  rc522.o(i.PcdAntennaOff)
    PcdAntennaOn                             0x08003af1   Thumb Code    26  rc522.o(i.PcdAntennaOn)
    PcdAnticoll                              0x08003b0b   Thumb Code   112  rc522.o(i.PcdAnticoll)
    PcdComMF522                              0x08003b7b   Thumb Code   306  rc522.o(i.PcdComMF522)
    PcdHalt                                  0x08003cad   Thumb Code    50  rc522.o(i.PcdHalt)
    PcdInit                                  0x08003cdf   Thumb Code     8  rc522.o(i.PcdInit)
    PcdRequest                               0x08003ce7   Thumb Code    84  rc522.o(i.PcdRequest)
    PcdReset                                 0x08003d3d   Thumb Code   104  rc522.o(i.PcdReset)
    RCC_APB1PeriphClockCmd                   0x08003dfd   Thumb Code    26  stm32f10x_rcc.o(i.RCC_APB1PeriphClockCmd)
    RCC_APB2PeriphClockCmd                   0x08003e1d   Thumb Code    26  stm32f10x_rcc.o(i.RCC_APB2PeriphClockCmd)
    RCC_GetClocksFreq                        0x08003e3d   Thumb Code   192  stm32f10x_rcc.o(i.RCC_GetClocksFreq)
    RCC_GetFlagStatus                        0x08003f11   Thumb Code    56  stm32f10x_rcc.o(i.RCC_GetFlagStatus)
    RCC_GetSYSCLKSource                      0x08003f4d   Thumb Code    10  stm32f10x_rcc.o(i.RCC_GetSYSCLKSource)
    RCC_HSEConfig                            0x08003f5d   Thumb Code    70  stm32f10x_rcc.o(i.RCC_HSEConfig)
    RCC_PLLCmd                               0x08003fa9   Thumb Code     6  stm32f10x_rcc.o(i.RCC_PLLCmd)
    RCC_SYSCLKConfig                         0x08003fb5   Thumb Code    18  stm32f10x_rcc.o(i.RCC_SYSCLKConfig)
    RCC_WaitForHSEStartUp                    0x08003fcd   Thumb Code    56  stm32f10x_rcc.o(i.RCC_WaitForHSEStartUp)
    RFID_Init                                0x08004005   Thumb Code    26  rc522.o(i.RFID_Init)
    RFID_Task                                0x08004021   Thumb Code    24  freertos_test.o(i.RFID_Task)
    ReadRawRC                                0x0800403d   Thumb Code    48  rc522.o(i.ReadRawRC)
    ReleaseID                                0x08004071   Thumb Code    12  as608.o(i.ReleaseID)
    SPI_Cmd                                  0x08004255   Thumb Code    24  stm32f10x_spi.o(i.SPI_Cmd)
    SPI_I2S_GetFlagStatus                    0x0800426d   Thumb Code    18  stm32f10x_spi.o(i.SPI_I2S_GetFlagStatus)
    SPI_I2S_ReceiveData                      0x0800427f   Thumb Code     6  stm32f10x_spi.o(i.SPI_I2S_ReceiveData)
    SPI_I2S_SendData                         0x08004285   Thumb Code     4  stm32f10x_spi.o(i.SPI_I2S_SendData)
    SPI_Init                                 0x08004289   Thumb Code    60  stm32f10x_spi.o(i.SPI_Init)
    Screen_TickIdle                          0x080042f9   Thumb Code    52  app_ui.o(i.Screen_TickIdle)
    Screen_WakeUp                            0x08004335   Thumb Code    26  app_ui.o(i.Screen_WakeUp)
    Servo_GetState                           0x080043dd   Thumb Code     6  servo.o(i.Servo_GetState)
    Servo_Init                               0x080043e9   Thumb Code   154  servo.o(i.Servo_Init)
    Servo_Lock                               0x08004491   Thumb Code    34  servo.o(i.Servo_Lock)
    Servo_SetAngle                           0x080044b9   Thumb Code    38  servo.o(i.Servo_SetAngle)
    Servo_SetState                           0x080044e5   Thumb Code     6  servo.o(i.Servo_SetState)
    Servo_Unlock                             0x080044f1   Thumb Code    36  servo.o(i.Servo_Unlock)
    SetBitMask                               0x08004519   Thumb Code    26  rc522.o(i.SetBitMask)
    SysTick_Handler                          0x080046ed   Thumb Code    46  port.o(i.SysTick_Handler)
    SystemInit                               0x08004721   Thumb Code    78  system_stm32f10x.o(i.SystemInit)
    TIM2_IRQHandler                          0x08004781   Thumb Code    56  as608_uart.o(i.TIM2_IRQHandler)
    TIM4_IRQHandler                          0x080047bd   Thumb Code    66  timer.o(i.TIM4_IRQHandler)
    TIM_ARRPreloadConfig                     0x0800480d   Thumb Code    24  stm32f10x_tim.o(i.TIM_ARRPreloadConfig)
    TIM_ClearITPendingBit                    0x08004825   Thumb Code     6  stm32f10x_tim.o(i.TIM_ClearITPendingBit)
    TIM_Cmd                                  0x0800482b   Thumb Code    24  stm32f10x_tim.o(i.TIM_Cmd)
    TIM_GetITStatus                          0x08004843   Thumb Code    34  stm32f10x_tim.o(i.TIM_GetITStatus)
    TIM_ITConfig                             0x08004865   Thumb Code    18  stm32f10x_tim.o(i.TIM_ITConfig)
    TIM_OC2Init                              0x08004879   Thumb Code   154  stm32f10x_tim.o(i.TIM_OC2Init)
    TIM_OC2PreloadConfig                     0x0800491d   Thumb Code    26  stm32f10x_tim.o(i.TIM_OC2PreloadConfig)
    TIM_SetCompare2                          0x08004937   Thumb Code     4  stm32f10x_tim.o(i.TIM_SetCompare2)
    TIM_SetCounter                           0x0800493b   Thumb Code     4  stm32f10x_tim.o(i.TIM_SetCounter)
    TIM_TimeBaseInit                         0x08004941   Thumb Code   122  stm32f10x_tim.o(i.TIM_TimeBaseInit)
    Timer4_Init                              0x080049e5   Thumb Code   104  timer.o(i.Timer4_Init)
    UI_HexByte                               0x08004a51   Thumb Code    42  app_ui.o(i.UI_HexByte)
    UI_IdleScreen                            0x08004a7d   Thumb Code    40  app_ui.o(i.UI_IdleScreen)
    UI_PasswordScreen                        0x08004ac9   Thumb Code    40  app_ui.o(i.UI_PasswordScreen)
    UI_RedrawPwd                             0x08004b05   Thumb Code    56  app_ui.o(i.UI_RedrawPwd)
    UI_ShowCardID                            0x08004b3d   Thumb Code    66  app_ui.o(i.UI_ShowCardID)
    UI_ShowMessage                           0x08004b7f   Thumb Code    34  app_ui.o(i.UI_ShowMessage)
    USART1_IRQHandler                        0x08004ba1   Thumb Code   122  usart.o(i.USART1_IRQHandler)
    USART2_IRQHandler                        0x08004c29   Thumb Code    96  as608_uart.o(i.USART2_IRQHandler)
    USART3_IRQHandler                        0x08004c95   Thumb Code    20  stm32f10x_it.o(i.USART3_IRQHandler)
    USART_Cmd                                0x08004cad   Thumb Code    24  stm32f10x_usart.o(i.USART_Cmd)
    USART_GetFlagStatus                      0x08004cc5   Thumb Code    26  stm32f10x_usart.o(i.USART_GetFlagStatus)
    USART_GetITStatus                        0x08004cdf   Thumb Code    84  stm32f10x_usart.o(i.USART_GetITStatus)
    USART_ITConfig                           0x08004d33   Thumb Code    74  stm32f10x_usart.o(i.USART_ITConfig)
    USART_Init                               0x08004d7d   Thumb Code   210  stm32f10x_usart.o(i.USART_Init)
    USART_ReceiveData                        0x08004e55   Thumb Code    10  stm32f10x_usart.o(i.USART_ReceiveData)
    USART_SendData                           0x08004e5f   Thumb Code     8  stm32f10x_usart.o(i.USART_SendData)
    UsageFault_Handler                       0x08004e67   Thumb Code     4  stm32f10x_it.o(i.UsageFault_Handler)
    W25Q_EraseSector                         0x08004e6d   Thumb Code    74  w25qxx.o(i.W25Q_EraseSector)
    W25Q_Init                                0x08004ebd   Thumb Code   108  w25qxx.o(i.W25Q_Init)
    W25Q_Read                                0x08004f2d   Thumb Code    90  w25qxx.o(i.W25Q_Read)
    W25Q_ReadID                              0x08004f8d   Thumb Code    66  w25qxx.o(i.W25Q_ReadID)
    W25Q_Write                               0x08005015   Thumb Code    80  w25qxx.o(i.W25Q_Write)
    WiFi_GetLastState                        0x080050e5   Thumb Code     6  esp8266.o(i.WiFi_GetLastState)
    WiFi_SetLastState                        0x080050f1   Thumb Code     6  esp8266.o(i.WiFi_SetLastState)
    WiFi_Task                                0x080050fd   Thumb Code   162  freertos_test.o(i.WiFi_Task)
    WriteRawRC                               0x08005231   Thumb Code    42  rc522.o(i.WriteRawRC)
    _is_digit                                0x08005261   Thumb Code    14  __printf_wp.o(i._is_digit)
    _sys_exit                                0x0800526f   Thumb Code     4  usart.o(i._sys_exit)
    beep_init                                0x08005275   Thumb Code    48  beep.o(i.beep_init)
    delay_init                               0x080052a9   Thumb Code     2  delay.o(i.delay_init)
    delay_ms                                 0x080052ab   Thumb Code    40  delay.o(i.delay_ms)
    delay_us                                 0x080052d3   Thumb Code    28  delay.o(i.delay_us)
    fputc                                    0x080052f1   Thumb Code    24  usart.o(i.fputc)
    freertos_demo                            0x0800530d   Thumb Code    68  freertos_test.o(i.freertos_demo)
    led_init                                 0x080053d1   Thumb Code    42  led.o(i.led_init)
    main                                     0x08005401   Thumb Code   216  main.o(i.main)
    press_FR                                 0x080055dd   Thumb Code    68  as608.o(i.press_FR)
    pvPortMalloc                             0x08005b51   Thumb Code   208  heap_4.o(i.pvPortMalloc)
    pxPortInitialiseStack                    0x08005c35   Thumb Code    30  port.o(i.pxPortInitialiseStack)
    set_as608_ok                             0x08005c59   Thumb Code     6  freertos_test.o(i.set_as608_ok)
    start_task                               0x08005c65   Thumb Code   120  freertos_test.o(i.start_task)
    usart_init                               0x08005d5d   Thumb Code   152  usart.o(i.usart_init)
    uxListRemove                             0x08005dfd   Thumb Code    40  list.o(i.uxListRemove)
    uxTaskGetNumberOfTasks                   0x08005e25   Thumb Code     6  tasks.o(i.uxTaskGetNumberOfTasks)
    vListInitialise                          0x08005e31   Thumb Code    26  list.o(i.vListInitialise)
    vListInitialiseItem                      0x08005e4b   Thumb Code     6  list.o(i.vListInitialiseItem)
    vListInsert                              0x08005e51   Thumb Code    52  list.o(i.vListInsert)
    vListInsertEnd                           0x08005e85   Thumb Code    24  list.o(i.vListInsertEnd)
    vPortEnterCritical                       0x08005e9d   Thumb Code    30  port.o(i.vPortEnterCritical)
    vPortExitCritical                        0x08005ec1   Thumb Code    28  port.o(i.vPortExitCritical)
    vPortFree                                0x08005ee1   Thumb Code    68  heap_4.o(i.vPortFree)
    vPortSetupTimerInterrupt                 0x08005f2d   Thumb Code    20  port.o(i.vPortSetupTimerInterrupt)
    vTaskDelay                               0x08005f45   Thumb Code    46  tasks.o(i.vTaskDelay)
    vTaskDelete                              0x08005f79   Thumb Code   174  tasks.o(i.vTaskDelete)
    vTaskInternalSetTimeOutState             0x0800604d   Thumb Code    14  tasks.o(i.vTaskInternalSetTimeOutState)
    vTaskMissedYield                         0x08006065   Thumb Code     8  tasks.o(i.vTaskMissedYield)
    vTaskPlaceOnEventList                    0x08006071   Thumb Code    28  tasks.o(i.vTaskPlaceOnEventList)
    vTaskStartScheduler                      0x08006091   Thumb Code    76  tasks.o(i.vTaskStartScheduler)
    vTaskSuspendAll                          0x080060fd   Thumb Code    12  tasks.o(i.vTaskSuspendAll)
    vTaskSwitchContext                       0x0800610d   Thumb Code    76  tasks.o(i.vTaskSwitchContext)
    xPortStartScheduler                      0x0800616d   Thumb Code    42  port.o(i.xPortStartScheduler)
    xQueueGenericCreate                      0x080061a1   Thumb Code    76  queue.o(i.xQueueGenericCreate)
    xQueueGenericReset                       0x080061ed   Thumb Code   156  queue.o(i.xQueueGenericReset)
    xQueueGiveFromISR                        0x0800628d   Thumb Code   132  queue.o(i.xQueueGiveFromISR)
    xQueueSemaphoreTake                      0x08006311   Thumb Code   234  queue.o(i.xQueueSemaphoreTake)
    xTaskCheckForTimeOut                     0x08006401   Thumb Code    88  tasks.o(i.xTaskCheckForTimeOut)
    xTaskCreate                              0x08006461   Thumb Code   104  tasks.o(i.xTaskCreate)
    xTaskGetSchedulerState                   0x080064c9   Thumb Code    24  tasks.o(i.xTaskGetSchedulerState)
    xTaskIncrementTick                       0x080064e9   Thumb Code   356  tasks.o(i.xTaskIncrementTick)
    xTaskRemoveFromEventList                 0x08006679   Thumb Code   240  tasks.o(i.xTaskRemoveFromEventList)
    xTaskResumeAll                           0x08006781   Thumb Code   310  tasks.o(i.xTaskResumeAll)
    Region$$Table$$Base                      0x08006f70   Number         0  anon$$obj.o(Region$$Table)
    Region$$Table$$Limit                     0x08006f90   Number         0  anon$$obj.o(Region$$Table)
    xRFID_Sem                                0x20000014   Data           4  freertos_test.o(.data)
    g_password                               0x2000001b   Data           6  door_access.o(.data)
    __stdout                                 0x2000002c   Data           4  usart.o(.data)
    USART_RX_STA                             0x20000030   Data           2  usart.o(.data)
    g_door_state                             0x2000003c   Data           1  servo.o(.data)
    esp_rx_idx                               0x2000003e   Data           2  esp8266.o(.data)
    AS608_RX_STA                             0x20000042   Data           2  as608_uart.o(.data)
    AS608Addr                                0x20000044   Data           4  as608.o(.data)
    pxCurrentTCB                             0x2000008c   Data           4  tasks.o(.data)
    uxTopUsedPriority                        0x200000c4   Data           4  tasks.o(.data)
    USART_RX_BUF                             0x200000dc   Data         200  usart.o(.bss)
    esp_rx_buf                               0x200001a4   Data         256  esp8266.o(.bss)
    AS608_RX_BUF                             0x200002a4   Data         400  as608_uart.o(.bss)
    oled_buf                                 0x20000498   Data        1024  oled.o(.bss)
    __libspace_start                         0x20004d60   Data          96  libspace.o(.bss)
    __temporary_stack_top$libspace           0x20004dc0   Data           0  libspace.o(.bss)



==============================================================================

Memory Map of the image

  Image Entry point : 0x080000ed

  Load Region LR_IROM1 (Base: 0x08000000, Size: 0x0000705c, Max: 0x00080000, ABSOLUTE)

    Execution Region ER_IROM1 (Exec base: 0x08000000, Load base: 0x08000000, Size: 0x00006f90, Max: 0x00080000, ABSOLUTE)

    Exec Addr    Load Addr    Size         Type   Attr      Idx    E Section Name        Object

    0x08000000   0x08000000   0x000000ec   Data   RO         3212    RESET               startup_stm32f10x_md.o
    0x080000ec   0x080000ec   0x00000008   Code   RO         4153  * !!!main             c_w.l(__main.o)
    0x080000f4   0x080000f4   0x00000034   Code   RO         4329    !!!scatter          c_w.l(__scatter.o)
    0x08000128   0x08000128   0x0000001a   Code   RO         4331    !!handler_copy      c_w.l(__scatter_copy.o)
    0x08000142   0x08000142   0x00000002   PAD
    0x08000144   0x08000144   0x0000001c   Code   RO         4333    !!handler_zi        c_w.l(__scatter_zi.o)
    0x08000160   0x08000160   0x00000000   Code   RO         4136    .ARM.Collect$$_printf_percent$$00000000  c_w.l(_printf_percent.o)
    0x08000160   0x08000160   0x00000006   Code   RO         4134    .ARM.Collect$$_printf_percent$$00000009  c_w.l(_printf_d.o)
    0x08000166   0x08000166   0x00000006   Code   RO         4135    .ARM.Collect$$_printf_percent$$0000000A  c_w.l(_printf_u.o)
    0x0800016c   0x0800016c   0x00000006   Code   RO         4133    .ARM.Collect$$_printf_percent$$0000000C  c_w.l(_printf_x.o)
    0x08000172   0x08000172   0x00000006   Code   RO         4131    .ARM.Collect$$_printf_percent$$00000013  c_w.l(_printf_c.o)
    0x08000178   0x08000178   0x00000006   Code   RO         4132    .ARM.Collect$$_printf_percent$$00000014  c_w.l(_printf_s.o)
    0x0800017e   0x0800017e   0x00000004   Code   RO         4168    .ARM.Collect$$_printf_percent$$00000017  c_w.l(_printf_percent_end.o)
    0x08000182   0x08000182   0x00000002   Code   RO         4201    .ARM.Collect$$libinit$$00000000  c_w.l(libinit.o)
    0x08000184   0x08000184   0x00000000   Code   RO         4208    .ARM.Collect$$libinit$$00000002  c_w.l(libinit2.o)
    0x08000184   0x08000184   0x00000000   Code   RO         4210    .ARM.Collect$$libinit$$00000004  c_w.l(libinit2.o)
    0x08000184   0x08000184   0x00000000   Code   RO         4213    .ARM.Collect$$libinit$$0000000A  c_w.l(libinit2.o)
    0x08000184   0x08000184   0x00000000   Code   RO         4215    .ARM.Collect$$libinit$$0000000C  c_w.l(libinit2.o)
    0x08000184   0x08000184   0x00000000   Code   RO         4217    .ARM.Collect$$libinit$$0000000E  c_w.l(libinit2.o)
    0x08000184   0x08000184   0x00000000   Code   RO         4220    .ARM.Collect$$libinit$$00000011  c_w.l(libinit2.o)
    0x08000184   0x08000184   0x00000000   Code   RO         4222    .ARM.Collect$$libinit$$00000013  c_w.l(libinit2.o)
    0x08000184   0x08000184   0x00000000   Code   RO         4224    .ARM.Collect$$libinit$$00000015  c_w.l(libinit2.o)
    0x08000184   0x08000184   0x00000000   Code   RO         4226    .ARM.Collect$$libinit$$00000017  c_w.l(libinit2.o)
    0x08000184   0x08000184   0x00000000   Code   RO         4228    .ARM.Collect$$libinit$$00000019  c_w.l(libinit2.o)
    0x08000184   0x08000184   0x00000000   Code   RO         4230    .ARM.Collect$$libinit$$0000001B  c_w.l(libinit2.o)
    0x08000184   0x08000184   0x00000000   Code   RO         4232    .ARM.Collect$$libinit$$0000001D  c_w.l(libinit2.o)
    0x08000184   0x08000184   0x00000000   Code   RO         4234    .ARM.Collect$$libinit$$0000001F  c_w.l(libinit2.o)
    0x08000184   0x08000184   0x00000000   Code   RO         4236    .ARM.Collect$$libinit$$00000021  c_w.l(libinit2.o)
    0x08000184   0x08000184   0x00000000   Code   RO         4238    .ARM.Collect$$libinit$$00000023  c_w.l(libinit2.o)
    0x08000184   0x08000184   0x00000000   Code   RO         4240    .ARM.Collect$$libinit$$00000025  c_w.l(libinit2.o)
    0x08000184   0x08000184   0x00000000   Code   RO         4244    .ARM.Collect$$libinit$$0000002C  c_w.l(libinit2.o)
    0x08000184   0x08000184   0x00000000   Code   RO         4246    .ARM.Collect$$libinit$$0000002E  c_w.l(libinit2.o)
    0x08000184   0x08000184   0x00000000   Code   RO         4248    .ARM.Collect$$libinit$$00000030  c_w.l(libinit2.o)
    0x08000184   0x08000184   0x00000000   Code   RO         4250    .ARM.Collect$$libinit$$00000032  c_w.l(libinit2.o)
    0x08000184   0x08000184   0x00000002   Code   RO         4251    .ARM.Collect$$libinit$$00000033  c_w.l(libinit2.o)
    0x08000186   0x08000186   0x00000002   Code   RO         4269    .ARM.Collect$$libshutdown$$00000000  c_w.l(libshutdown.o)
    0x08000188   0x08000188   0x00000000   Code   RO         4279    .ARM.Collect$$libshutdown$$00000002  c_w.l(libshutdown2.o)
    0x08000188   0x08000188   0x00000000   Code   RO         4281    .ARM.Collect$$libshutdown$$00000004  c_w.l(libshutdown2.o)
    0x08000188   0x08000188   0x00000000   Code   RO         4283    .ARM.Collect$$libshutdown$$00000006  c_w.l(libshutdown2.o)
    0x08000188   0x08000188   0x00000000   Code   RO         4286    .ARM.Collect$$libshutdown$$00000009  c_w.l(libshutdown2.o)
    0x08000188   0x08000188   0x00000000   Code   RO         4289    .ARM.Collect$$libshutdown$$0000000C  c_w.l(libshutdown2.o)
    0x08000188   0x08000188   0x00000000   Code   RO         4291    .ARM.Collect$$libshutdown$$0000000E  c_w.l(libshutdown2.o)
    0x08000188   0x08000188   0x00000000   Code   RO         4294    .ARM.Collect$$libshutdown$$00000011  c_w.l(libshutdown2.o)
    0x08000188   0x08000188   0x00000002   Code   RO         4295    .ARM.Collect$$libshutdown$$00000012  c_w.l(libshutdown2.o)
    0x0800018a   0x0800018a   0x00000000   Code   RO         4157    .ARM.Collect$$rtentry$$00000000  c_w.l(__rtentry.o)
    0x0800018a   0x0800018a   0x00000000   Code   RO         4172    .ARM.Collect$$rtentry$$00000002  c_w.l(__rtentry2.o)
    0x0800018a   0x0800018a   0x00000006   Code   RO         4184    .ARM.Collect$$rtentry$$00000004  c_w.l(__rtentry4.o)
    0x08000190   0x08000190   0x00000000   Code   RO         4174    .ARM.Collect$$rtentry$$00000009  c_w.l(__rtentry2.o)
    0x08000190   0x08000190   0x00000004   Code   RO         4175    .ARM.Collect$$rtentry$$0000000A  c_w.l(__rtentry2.o)
    0x08000194   0x08000194   0x00000000   Code   RO         4177    .ARM.Collect$$rtentry$$0000000C  c_w.l(__rtentry2.o)
    0x08000194   0x08000194   0x00000008   Code   RO         4178    .ARM.Collect$$rtentry$$0000000D  c_w.l(__rtentry2.o)
    0x0800019c   0x0800019c   0x00000002   Code   RO         4205    .ARM.Collect$$rtexit$$00000000  c_w.l(rtexit.o)
    0x0800019e   0x0800019e   0x00000000   Code   RO         4253    .ARM.Collect$$rtexit$$00000002  c_w.l(rtexit2.o)
    0x0800019e   0x0800019e   0x00000004   Code   RO         4254    .ARM.Collect$$rtexit$$00000003  c_w.l(rtexit2.o)
    0x080001a2   0x080001a2   0x00000006   Code   RO         4255    .ARM.Collect$$rtexit$$00000004  c_w.l(rtexit2.o)
    0x080001a8   0x080001a8   0x00000096   Code   RO         3294    .emb_text           port.o
    0x0800023e   0x0800023e   0x00000002   PAD
    0x08000240   0x08000240   0x00000040   Code   RO         3213    .text               startup_stm32f10x_md.o
    0x08000280   0x08000280   0x00000002   Code   RO         4072    .text               c_w.l(use_no_semi_2.o)
    0x08000282   0x08000282   0x00000002   PAD
    0x08000284   0x08000284   0x00000018   Code   RO         4078    .text               c_w.l(noretval__2printf.o)
    0x0800029c   0x0800029c   0x00000028   Code   RO         4080    .text               c_w.l(noretval__2sprintf.o)
    0x080002c4   0x080002c4   0x0000004e   Code   RO         4084    .text               c_w.l(_printf_pad.o)
    0x08000312   0x08000312   0x00000052   Code   RO         4086    .text               c_w.l(_printf_str.o)
    0x08000364   0x08000364   0x00000078   Code   RO         4088    .text               c_w.l(_printf_dec.o)
    0x080003dc   0x080003dc   0x00000058   Code   RO         4093    .text               c_w.l(_printf_hex_int.o)
    0x08000434   0x08000434   0x00000138   Code   RO         4123    .text               c_w.l(__printf_flags_wp.o)
    0x0800056c   0x0800056c   0x00000024   Code   RO         4137    .text               c_w.l(strstr.o)
    0x08000590   0x08000590   0x00000058   Code   RO         4139    .text               c_w.l(memcmp.o)
    0x080005e8   0x080005e8   0x0000003e   Code   RO         4141    .text               c_w.l(strlen.o)
    0x08000626   0x08000626   0x00000018   Code   RO         4143    .text               c_w.l(strcat.o)
    0x0800063e   0x0800063e   0x00000044   Code   RO         4147    .text               c_w.l(rt_memclr.o)
    0x08000682   0x08000682   0x0000004e   Code   RO         4149    .text               c_w.l(rt_memclr_w.o)
    0x080006d0   0x080006d0   0x00000006   Code   RO         4151    .text               c_w.l(heapauxi.o)
    0x080006d6   0x080006d6   0x00000002   Code   RO         4155    .text               c_w.l(use_no_semi.o)
    0x080006d8   0x080006d8   0x000000b2   Code   RO         4158    .text               c_w.l(_printf_intcommon.o)
    0x0800078a   0x0800078a   0x00000002   PAD
    0x0800078c   0x0800078c   0x00000030   Code   RO         4160    .text               c_w.l(_printf_char_common.o)
    0x080007bc   0x080007bc   0x0000000a   Code   RO         4162    .text               c_w.l(_sputc.o)
    0x080007c6   0x080007c6   0x0000002c   Code   RO         4164    .text               c_w.l(_printf_char.o)
    0x080007f2   0x080007f2   0x00000002   PAD
    0x080007f4   0x080007f4   0x00000024   Code   RO         4166    .text               c_w.l(_printf_char_file.o)
    0x08000818   0x08000818   0x00000008   Code   RO         4188    .text               c_w.l(ferror.o)
    0x08000820   0x08000820   0x0000004a   Code   RO         4192    .text               c_w.l(sys_stackheap_outer.o)
    0x0800086a   0x0800086a   0x00000012   Code   RO         4194    .text               c_w.l(exit.o)
    0x0800087c   0x0800087c   0x00000008   Code   RO         4202    .text               c_w.l(libspace.o)
    0x08000884   0x08000884   0x0000001c   Code   RO          952    i.AS608_SendByte    as608_uart.o
    0x080008a0   0x080008a0   0x00000074   Code   RO          953    i.AS608_TIM2_Init   as608_uart.o
    0x08000914   0x08000914   0x000000a4   Code   RO          954    i.AS608_USART2_Init  as608_uart.o
    0x080009b8   0x080009b8   0x00000274   Code   RO          995    i.Add_FR            as608.o
    0x08000c2c   0x08000c2c   0x0000000c   Code   RO         1469    i.App_GetState      app_state.o
    0x08000c38   0x08000c38   0x00000030   Code   RO         1470    i.App_Reset         app_state.o
    0x08000c68   0x08000c68   0x00000014   Code   RO          339    i.BEEP_OFF          beep.o
    0x08000c7c   0x08000c7c   0x00000014   Code   RO          340    i.BEEP_ON           beep.o
    0x08000c90   0x08000c90   0x00000012   Code   RO          341    i.Beep_Click        beep.o
    0x08000ca2   0x08000ca2   0x00000024   Code   RO          342    i.Beep_Err          beep.o
    0x08000cc6   0x08000cc6   0x0000001c   Code   RO          814    i.Beep_Fail         esp8266.o
    0x08000ce2   0x08000ce2   0x00000026   Code   RO          815    i.Beep_N            esp8266.o
    0x08000d08   0x08000d08   0x00000014   Code   RO          343    i.Beep_OK           beep.o
    0x08000d1c   0x08000d1c   0x00000004   Code   RO          160    i.BusFault_Handler  stm32f10x_it.o
    0x08000d20   0x08000d20   0x0000006c   Code   RO          487    i.CalulateCRC       rc522.o
    0x08000d8c   0x08000d8c   0x0000001a   Code   RO          488    i.ClearBitMask      rc522.o
    0x08000da6   0x08000da6   0x00000002   Code   RO          161    i.DebugMon_Handler  stm32f10x_it.o
    0x08000da8   0x08000da8   0x0000001c   Code   RO          816    i.Debug_PrintBuf    esp8266.o
    0x08000dc4   0x08000dc4   0x0000005c   Code   RO          996    i.Del_FR            as608.o
    0x08000e20   0x08000e20   0x0000000c   Code   RO          381    i.Door_Access_Init  door_access.o
    0x08000e2c   0x08000e2c   0x00000328   Code   RO          382    i.Door_Access_Scan  door_access.o
    0x08001154   0x08001154   0x00000074   Code   RO          383    i.Door_Add_Card     door_access.o
    0x080011c8   0x080011c8   0x0000008c   Code   RO          384    i.Door_Delete_Card  door_access.o
    0x08001254   0x08001254   0x00000010   Code   RO          385    i.Door_Get_Event    door_access.o
    0x08001264   0x08001264   0x00000018   Code   RO          386    i.Door_Get_Last_Card  door_access.o
    0x0800127c   0x0800127c   0x000000fc   Code   RO          388    i.Door_Load_Whitelist  door_access.o
    0x08001378   0x08001378   0x00000038   Code   RO          389    i.Door_Lock         door_access.o
    0x080013b0   0x080013b0   0x00000098   Code   RO          390    i.Door_Save_Whitelist  door_access.o
    0x08001448   0x08001448   0x0000001c   Code   RO          391    i.Door_Set_Mode     door_access.o
    0x08001464   0x08001464   0x00000048   Code   RO          392    i.Door_Unlock       door_access.o
    0x080014ac   0x080014ac   0x000005ac   Code   RO          817    i.ESP8266_Init_Connect  esp8266.o
    0x08001a58   0x08001a58   0x000000a8   Code   RO          818    i.ESP8266_USART3_Init  esp8266.o
    0x08001b00   0x08001b00   0x0000001c   Code   RO          819    i.ESP_ClearBuf      esp8266.o
    0x08001b1c   0x08001b1c   0x0000004c   Code   RO          820    i.ESP_ParseDownlink  esp8266.o
    0x08001b68   0x08001b68   0x00000038   Code   RO          821    i.ESP_Receive_IRQ   esp8266.o
    0x08001ba0   0x08001ba0   0x00000064   Code   RO          822    i.ESP_Reconnect     esp8266.o
    0x08001c04   0x08001c04   0x00000020   Code   RO          823    i.ESP_SendByte      esp8266.o
    0x08001c24   0x08001c24   0x00000084   Code   RO          824    i.ESP_SendHeartbeat  esp8266.o
    0x08001ca8   0x08001ca8   0x00000016   Code   RO          825    i.ESP_SendString    esp8266.o
    0x08001cbe   0x08001cbe   0x00000002   PAD
    0x08001cc0   0x08001cc0   0x000000bc   Code   RO          826    i.ESP_SendTCP       esp8266.o
    0x08001d7c   0x08001d7c   0x00000018   Code   RO          827    i.ESP_StrFind       esp8266.o
    0x08001d94   0x08001d94   0x00000118   Code   RO          828    i.ESP_Upload_DoorState  esp8266.o
    0x08001eac   0x08001eac   0x00000012   Code   RO         1556    i.EXTI4_IRQHandler  power.o
    0x08001ebe   0x08001ebe   0x0000002e   Code   RO         1557    i.EXTI9_5_IRQHandler  power.o
    0x08001eec   0x08001eec   0x0000000c   Code   RO         2027    i.EXTI_ClearITPendingBit  stm32f10x_exti.o
    0x08001ef8   0x08001ef8   0x00000028   Code   RO         2031    i.EXTI_GetITStatus  stm32f10x_exti.o
    0x08001f20   0x08001f20   0x00000094   Code   RO         2032    i.EXTI_Init         stm32f10x_exti.o
    0x08001fb4   0x08001fb4   0x00000258   Code   RO          997    i.EnsureMessage     as608.o
    0x0800220c   0x0800220c   0x00000108   Code   RO         1558    i.Enter_LowPower    power.o
    0x08002314   0x08002314   0x000000d4   Code   RO         1472    i.Exec_Admin_Command  app_state.o
    0x080023e8   0x080023e8   0x00000054   Code   RO          393    i.Find_Card         door_access.o
    0x0800243c   0x0800243c   0x00000040   Code   RO         1643    i.GPIO_EXTILineConfig  stm32f10x_gpio.o
    0x0800247c   0x0800247c   0x00000116   Code   RO         1646    i.GPIO_Init         stm32f10x_gpio.o
    0x08002592   0x08002592   0x00000012   Code   RO         1650    i.GPIO_ReadInputDataBit  stm32f10x_gpio.o
    0x080025a4   0x080025a4   0x00000004   Code   RO         1653    i.GPIO_ResetBits    stm32f10x_gpio.o
    0x080025a8   0x080025a8   0x00000004   Code   RO         1654    i.GPIO_SetBits      stm32f10x_gpio.o
    0x080025ac   0x080025ac   0x0000000a   Code   RO         1657    i.GPIO_WriteBit     stm32f10x_gpio.o
    0x080025b6   0x080025b6   0x00000002   PAD
    0x080025b8   0x080025b8   0x00000024   Code   RO          998    i.GetAvailableID    as608.o
    0x080025dc   0x080025dc   0x000000c4   Code   RO         1473    i.Handle_AdminAuth_Key  app_state.o
    0x080026a0   0x080026a0   0x00000150   Code   RO         1474    i.Handle_Door_Event  app_state.o
    0x080027f0   0x080027f0   0x00000194   Code   RO         1475    i.Handle_Idle_Key   app_state.o
    0x08002984   0x08002984   0x00000048   Code   RO         1476    i.Handle_Key        app_state.o
    0x080029cc   0x080029cc   0x000000e0   Code   RO         1477    i.Handle_PwdInput_Key  app_state.o
    0x08002aac   0x08002aac   0x000000a8   Code   RO         1478    i.Handle_PwdNew_Key  app_state.o
    0x08002b54   0x08002b54   0x000000bc   Code   RO         1479    i.Handle_PwdOld_Key  app_state.o
    0x08002c10   0x08002c10   0x000000e8   Code   RO          829    i.Handle_WiFi_Downlink  esp8266.o
    0x08002cf8   0x08002cf8   0x00000004   Code   RO          162    i.HardFault_Handler  stm32f10x_it.o
    0x08002cfc   0x08002cfc   0x00000022   Code   RO          394    i.ID_Compare        door_access.o
    0x08002d1e   0x08002d1e   0x00000002   PAD
    0x08002d20   0x08002d20   0x00000088   Code   RO          999    i.JudgeStr          as608.o
    0x08002da8   0x08002da8   0x0000000e   Code   RO         1255    i.KeyPad_Delay      keypad.o
    0x08002db6   0x08002db6   0x00000002   PAD
    0x08002db8   0x08002db8   0x0000006c   Code   RO         1256    i.KeyPad_Init       keypad.o
    0x08002e24   0x08002e24   0x00000060   Code   RO         1257    i.KeyPad_IsAnyKeyPressed  keypad.o
    0x08002e84   0x08002e84   0x0000002c   Code   RO         1258    i.KeyPad_RowsHigh   keypad.o
    0x08002eb0   0x08002eb0   0x000000d8   Code   RO         1259    i.KeyPad_Scan       keypad.o
    0x08002f88   0x08002f88   0x00000010   Code   RO         1379    i.LED1_OFF          led.o
    0x08002f98   0x08002f98   0x00000010   Code   RO         1380    i.LED1_ON           led.o
    0x08002fa8   0x08002fa8   0x0000005a   Code   RO          489    i.M500PcdConfigISOType  rc522.o
    0x08003002   0x08003002   0x0000000c   Code   RO         1000    i.MYUSART_SendData  as608.o
    0x0800300e   0x0800300e   0x00000002   PAD
    0x08003010   0x08003010   0x00000150   Code   RO          245    i.Main_Task         freertos_test.o
    0x08003160   0x08003160   0x00000004   Code   RO          163    i.MemManage_Handler  stm32f10x_it.o
    0x08003164   0x08003164   0x00000002   Code   RO          164    i.NMI_Handler       stm32f10x_it.o
    0x08003166   0x08003166   0x00000002   PAD
    0x08003168   0x08003168   0x00000018   Code   RO         1559    i.NVIC_DisableIRQ   power.o
    0x08003180   0x08003180   0x00000070   Code   RO         1604    i.NVIC_Init         misc.o
    0x080031f0   0x080031f0   0x00000014   Code   RO         1605    i.NVIC_PriorityGroupConfig  misc.o
    0x08003204   0x08003204   0x00000014   Code   RO         1292    i.OLED_Clear        oled.o
    0x08003218   0x08003218   0x0000000a   Code   RO         1293    i.OLED_DisplayOff   oled.o
    0x08003222   0x08003222   0x0000000a   Code   RO         1294    i.OLED_DisplayOn    oled.o
    0x0800322c   0x0800322c   0x00000058   Code   RO         1295    i.OLED_DrawPoint    oled.o
    0x08003284   0x08003284   0x000001b8   Code   RO         1296    i.OLED_Init         oled.o
    0x0800343c   0x0800343c   0x00000068   Code   RO         1297    i.OLED_Refresh      oled.o
    0x080034a4   0x080034a4   0x00000070   Code   RO         1298    i.OLED_SPI2_Mode    oled.o
    0x08003514   0x08003514   0x00000036   Code   RO         1299    i.OLED_ShowCenter   oled.o
    0x0800354a   0x0800354a   0x00000002   PAD
    0x0800354c   0x0800354c   0x00000084   Code   RO         1300    i.OLED_ShowChar     oled.o
    0x080035d0   0x080035d0   0x00000024   Code   RO         1301    i.OLED_ShowStr      oled.o
    0x080035f4   0x080035f4   0x00000030   Code   RO         1302    i.OLED_Write_Cmd    oled.o
    0x08003624   0x08003624   0x0000006c   Code   RO         1001    i.PS_DeletChar      as608.o
    0x08003690   0x08003690   0x00000046   Code   RO         1003    i.PS_GenChar        as608.o
    0x080036d6   0x080036d6   0x0000003a   Code   RO         1004    i.PS_GetImage       as608.o
    0x08003710   0x08003710   0x00000108   Code   RO         1005    i.PS_HandShake      as608.o
    0x08003818   0x08003818   0x00000090   Code   RO         1006    i.PS_HighSpeedSearch  as608.o
    0x080038a8   0x080038a8   0x0000003a   Code   RO         1007    i.PS_Match          as608.o
    0x080038e2   0x080038e2   0x0000003a   Code   RO         1010    i.PS_RegModel       as608.o
    0x0800391c   0x0800391c   0x00000024   Code   RO         1013    i.PS_StaGPIO_Init   as608.o
    0x08003940   0x08003940   0x00000060   Code   RO         1014    i.PS_StoreChar      as608.o
    0x080039a0   0x080039a0   0x00000040   Code   RO         1413    i.PWR_EnterSTOPMode  stm32f10x_pwr.o
    0x080039e0   0x080039e0   0x000000c4   Code   RO          395    i.Password_Load     door_access.o
    0x08003aa4   0x08003aa4   0x00000040   Code   RO          396    i.Password_Save     door_access.o
    0x08003ae4   0x08003ae4   0x0000000c   Code   RO          490    i.PcdAntennaOff     rc522.o
    0x08003af0   0x08003af0   0x0000001a   Code   RO          491    i.PcdAntennaOn      rc522.o
    0x08003b0a   0x08003b0a   0x00000070   Code   RO          492    i.PcdAnticoll       rc522.o
    0x08003b7a   0x08003b7a   0x00000132   Code   RO          494    i.PcdComMF522       rc522.o
    0x08003cac   0x08003cac   0x00000032   Code   RO          495    i.PcdHalt           rc522.o
    0x08003cde   0x08003cde   0x00000008   Code   RO          496    i.PcdInit           rc522.o
    0x08003ce6   0x08003ce6   0x00000054   Code   RO          498    i.PcdRequest        rc522.o
    0x08003d3a   0x08003d3a   0x00000002   PAD
    0x08003d3c   0x08003d3c   0x0000006c   Code   RO          499    i.PcdReset          rc522.o
    0x08003da8   0x08003da8   0x00000030   Code   RO         1480    i.Pwd_Append        app_state.o
    0x08003dd8   0x08003dd8   0x00000024   Code   RO         1481    i.Pwd_Delete        app_state.o
    0x08003dfc   0x08003dfc   0x00000020   Code   RO         1756    i.RCC_APB1PeriphClockCmd  stm32f10x_rcc.o
    0x08003e1c   0x08003e1c   0x00000020   Code   RO         1758    i.RCC_APB2PeriphClockCmd  stm32f10x_rcc.o
    0x08003e3c   0x08003e3c   0x000000d4   Code   RO         1766    i.RCC_GetClocksFreq  stm32f10x_rcc.o
    0x08003f10   0x08003f10   0x0000003c   Code   RO         1767    i.RCC_GetFlagStatus  stm32f10x_rcc.o
    0x08003f4c   0x08003f4c   0x00000010   Code   RO         1769    i.RCC_GetSYSCLKSource  stm32f10x_rcc.o
    0x08003f5c   0x08003f5c   0x0000004c   Code   RO         1771    i.RCC_HSEConfig     stm32f10x_rcc.o
    0x08003fa8   0x08003fa8   0x0000000c   Code   RO         1779    i.RCC_PLLCmd        stm32f10x_rcc.o
    0x08003fb4   0x08003fb4   0x00000018   Code   RO         1783    i.RCC_SYSCLKConfig  stm32f10x_rcc.o
    0x08003fcc   0x08003fcc   0x00000038   Code   RO         1785    i.RCC_WaitForHSEStartUp  stm32f10x_rcc.o
    0x08004004   0x08004004   0x0000001a   Code   RO          502    i.RFID_Init         rc522.o
    0x0800401e   0x0800401e   0x00000002   PAD
    0x08004020   0x08004020   0x0000001c   Code   RO          246    i.RFID_Task         freertos_test.o
    0x0800403c   0x0800403c   0x00000034   Code   RO          503    i.ReadRawRC         rc522.o
    0x08004070   0x08004070   0x00000010   Code   RO         1018    i.ReleaseID         as608.o
    0x08004080   0x08004080   0x000000d4   Code   RO          504    i.SPI1_Init         rc522.o
    0x08004154   0x08004154   0x00000038   Code   RO          505    i.SPI1_ReadWriteByte  rc522.o
    0x0800418c   0x0800418c   0x00000058   Code   RO         1194    i.SPI2_Init_Mode0   w25qxx.o
    0x080041e4   0x080041e4   0x00000038   Code   RO         1303    i.SPI2_ReadWrite    oled.o
    0x0800421c   0x0800421c   0x00000038   Code   RO         1195    i.SPI2_ReadWriteByte  w25qxx.o
    0x08004254   0x08004254   0x00000018   Code   RO         2289    i.SPI_Cmd           stm32f10x_spi.o
    0x0800426c   0x0800426c   0x00000012   Code   RO         2297    i.SPI_I2S_GetFlagStatus  stm32f10x_spi.o
    0x0800427e   0x0800427e   0x00000006   Code   RO         2300    i.SPI_I2S_ReceiveData  stm32f10x_spi.o
    0x08004284   0x08004284   0x00000004   Code   RO         2301    i.SPI_I2S_SendData  stm32f10x_spi.o
    0x08004288   0x08004288   0x0000003c   Code   RO         2302    i.SPI_Init          stm32f10x_spi.o
    0x080042c4   0x080042c4   0x00000034   Code   RO         1560    i.SYSCLK_ResumeFromSTOP  power.o
    0x080042f8   0x080042f8   0x0000003c   Code   RO          667    i.Screen_TickIdle   app_ui.o
    0x08004334   0x08004334   0x00000024   Code   RO          668    i.Screen_WakeUp     app_ui.o
    0x08004358   0x08004358   0x00000034   Code   RO         1019    i.SendAddr          as608.o
    0x0800438c   0x0800438c   0x00000012   Code   RO         1020    i.SendCheck         as608.o
    0x0800439e   0x0800439e   0x0000000c   Code   RO         1021    i.SendFlag          as608.o
    0x080043aa   0x080043aa   0x00000010   Code   RO         1022    i.SendHead          as608.o
    0x080043ba   0x080043ba   0x00000014   Code   RO         1023    i.SendLength        as608.o
    0x080043ce   0x080043ce   0x0000000c   Code   RO         1024    i.Sendcmd           as608.o
    0x080043da   0x080043da   0x00000002   PAD
    0x080043dc   0x080043dc   0x0000000c   Code   RO          766    i.Servo_GetState    servo.o
    0x080043e8   0x080043e8   0x000000a8   Code   RO          767    i.Servo_Init        servo.o
    0x08004490   0x08004490   0x00000028   Code   RO          768    i.Servo_Lock        servo.o
    0x080044b8   0x080044b8   0x0000002c   Code   RO          769    i.Servo_SetAngle    servo.o
    0x080044e4   0x080044e4   0x0000000c   Code   RO          770    i.Servo_SetState    servo.o
    0x080044f0   0x080044f0   0x00000028   Code   RO          771    i.Servo_Unlock      servo.o
    0x08004518   0x08004518   0x0000001a   Code   RO          506    i.SetBitMask        rc522.o
    0x08004532   0x08004532   0x00000008   Code   RO          211    i.SetSysClock       system_stm32f10x.o
    0x0800453a   0x0800453a   0x00000002   PAD
    0x0800453c   0x0800453c   0x000000e0   Code   RO          212    i.SetSysClockTo72   system_stm32f10x.o
    0x0800461c   0x0800461c   0x00000020   Code   RO         1025    i.ShowErrMessage    as608.o
    0x0800463c   0x0800463c   0x00000038   Code   RO         1561    i.Sleep_EXTI_Cleanup  power.o
    0x08004674   0x08004674   0x00000078   Code   RO         1562    i.Sleep_EXTI_Setup  power.o
    0x080046ec   0x080046ec   0x00000034   Code   RO         3295    i.SysTick_Handler   port.o
    0x08004720   0x08004720   0x00000060   Code   RO          214    i.SystemInit        system_stm32f10x.o
    0x08004780   0x08004780   0x0000003c   Code   RO          955    i.TIM2_IRQHandler   as608_uart.o
    0x080047bc   0x080047bc   0x00000050   Code   RO          723    i.TIM4_IRQHandler   timer.o
    0x0800480c   0x0800480c   0x00000018   Code   RO         2432    i.TIM_ARRPreloadConfig  stm32f10x_tim.o
    0x08004824   0x08004824   0x00000006   Code   RO         2439    i.TIM_ClearITPendingBit  stm32f10x_tim.o
    0x0800482a   0x0800482a   0x00000018   Code   RO         2444    i.TIM_Cmd           stm32f10x_tim.o
    0x08004842   0x08004842   0x00000022   Code   RO         2465    i.TIM_GetITStatus   stm32f10x_tim.o
    0x08004864   0x08004864   0x00000012   Code   RO         2469    i.TIM_ITConfig      stm32f10x_tim.o
    0x08004876   0x08004876   0x00000002   PAD
    0x08004878   0x08004878   0x000000a4   Code   RO         2478    i.TIM_OC2Init       stm32f10x_tim.o
    0x0800491c   0x0800491c   0x0000001a   Code   RO         2481    i.TIM_OC2PreloadConfig  stm32f10x_tim.o
    0x08004936   0x08004936   0x00000004   Code   RO         2506    i.TIM_SetCompare2   stm32f10x_tim.o
    0x0800493a   0x0800493a   0x00000004   Code   RO         2509    i.TIM_SetCounter    stm32f10x_tim.o
    0x0800493e   0x0800493e   0x00000002   PAD
    0x08004940   0x08004940   0x000000a4   Code   RO         2515    i.TIM_TimeBaseInit  stm32f10x_tim.o
    0x080049e4   0x080049e4   0x0000006c   Code   RO          724    i.Timer4_Init       timer.o
    0x08004a50   0x08004a50   0x0000002a   Code   RO          669    i.UI_HexByte        app_ui.o
    0x08004a7a   0x08004a7a   0x00000002   PAD
    0x08004a7c   0x08004a7c   0x0000004c   Code   RO          670    i.UI_IdleScreen     app_ui.o
    0x08004ac8   0x08004ac8   0x0000003c   Code   RO          671    i.UI_PasswordScreen  app_ui.o
    0x08004b04   0x08004b04   0x00000038   Code   RO          672    i.UI_RedrawPwd      app_ui.o
    0x08004b3c   0x08004b3c   0x00000042   Code   RO          673    i.UI_ShowCardID     app_ui.o
    0x08004b7e   0x08004b7e   0x00000022   Code   RO          674    i.UI_ShowMessage    app_ui.o
    0x08004ba0   0x08004ba0   0x00000088   Code   RO          626    i.USART1_IRQHandler  usart.o
    0x08004c28   0x08004c28   0x0000006c   Code   RO          956    i.USART2_IRQHandler  as608_uart.o
    0x08004c94   0x08004c94   0x00000018   Code   RO          165    i.USART3_IRQHandler  stm32f10x_it.o
    0x08004cac   0x08004cac   0x00000018   Code   RO         2980    i.USART_Cmd         stm32f10x_usart.o
    0x08004cc4   0x08004cc4   0x0000001a   Code   RO         2983    i.USART_GetFlagStatus  stm32f10x_usart.o
    0x08004cde   0x08004cde   0x00000054   Code   RO         2984    i.USART_GetITStatus  stm32f10x_usart.o
    0x08004d32   0x08004d32   0x0000004a   Code   RO         2986    i.USART_ITConfig    stm32f10x_usart.o
    0x08004d7c   0x08004d7c   0x000000d8   Code   RO         2987    i.USART_Init        stm32f10x_usart.o
    0x08004e54   0x08004e54   0x0000000a   Code   RO         2994    i.USART_ReceiveData  stm32f10x_usart.o
    0x08004e5e   0x08004e5e   0x00000008   Code   RO         2997    i.USART_SendData    stm32f10x_usart.o
    0x08004e66   0x08004e66   0x00000004   Code   RO          166    i.UsageFault_Handler  stm32f10x_it.o
    0x08004e6a   0x08004e6a   0x00000002   PAD
    0x08004e6c   0x08004e6c   0x00000050   Code   RO         1196    i.W25Q_EraseSector  w25qxx.o
    0x08004ebc   0x08004ebc   0x00000070   Code   RO         1197    i.W25Q_Init         w25qxx.o
    0x08004f2c   0x08004f2c   0x00000060   Code   RO         1198    i.W25Q_Read         w25qxx.o
    0x08004f8c   0x08004f8c   0x00000048   Code   RO         1199    i.W25Q_ReadID       w25qxx.o
    0x08004fd4   0x08004fd4   0x00000040   Code   RO         1200    i.W25Q_WaitBusy     w25qxx.o
    0x08005014   0x08005014   0x00000050   Code   RO         1201    i.W25Q_Write        w25qxx.o
    0x08005064   0x08005064   0x00000024   Code   RO         1202    i.W25Q_WriteEnable  w25qxx.o
    0x08005088   0x08005088   0x0000005c   Code   RO         1203    i.W25Q_WritePage    w25qxx.o
    0x080050e4   0x080050e4   0x0000000c   Code   RO          830    i.WiFi_GetLastState  esp8266.o
    0x080050f0   0x080050f0   0x0000000c   Code   RO          831    i.WiFi_SetLastState  esp8266.o
    0x080050fc   0x080050fc   0x00000134   Code   RO          247    i.WiFi_Task         freertos_test.o
    0x08005230   0x08005230   0x00000030   Code   RO          508    i.WriteRawRC        rc522.o
    0x08005260   0x08005260   0x0000000e   Code   RO         4121    i._is_digit         c_w.l(__printf_wp.o)
    0x0800526e   0x0800526e   0x00000004   Code   RO          627    i._sys_exit         usart.o
    0x08005272   0x08005272   0x00000002   PAD
    0x08005274   0x08005274   0x00000034   Code   RO          344    i.beep_init         beep.o
    0x080052a8   0x080052a8   0x00000002   Code   RO          742    i.delay_init        delay.o
    0x080052aa   0x080052aa   0x00000028   Code   RO          743    i.delay_ms          delay.o
    0x080052d2   0x080052d2   0x0000001c   Code   RO          744    i.delay_us          delay.o
    0x080052ee   0x080052ee   0x00000002   PAD
    0x080052f0   0x080052f0   0x0000001c   Code   RO          628    i.fputc             usart.o
    0x0800530c   0x0800530c   0x000000c4   Code   RO          248    i.freertos_demo     freertos_test.o
    0x080053d0   0x080053d0   0x00000030   Code   RO         1382    i.led_init          led.o
    0x08005400   0x08005400   0x000001dc   Code   RO            1    i.main              main.o
    0x080055dc   0x080055dc   0x0000008c   Code   RO         1026    i.press_FR          as608.o
    0x08005668   0x08005668   0x000000c0   Code   RO         3761    i.prvAddCurrentTaskToDelayedList  tasks.o
    0x08005728   0x08005728   0x000000e4   Code   RO         3762    i.prvAddNewTaskToReadyList  tasks.o
    0x0800580c   0x0800580c   0x00000048   Code   RO         3763    i.prvCheckTasksWaitingTermination  tasks.o
    0x08005854   0x08005854   0x00000012   Code   RO         3764    i.prvDeleteTCB      tasks.o
    0x08005866   0x08005866   0x00000002   PAD
    0x08005868   0x08005868   0x00000070   Code   RO         3218    i.prvHeapInit       heap_4.o
    0x080058d8   0x080058d8   0x00000028   Code   RO         3765    i.prvIdleTask       tasks.o
    0x08005900   0x08005900   0x00000026   Code   RO         3495    i.prvInitialiseNewQueue  queue.o
    0x08005926   0x08005926   0x0000007a   Code   RO         3766    i.prvInitialiseNewTask  tasks.o
    0x080059a0   0x080059a0   0x00000068   Code   RO         3767    i.prvInitialiseTaskLists  tasks.o
    0x08005a08   0x08005a08   0x00000068   Code   RO         3219    i.prvInsertBlockIntoFreeList  heap_4.o
    0x08005a70   0x08005a70   0x0000001a   Code   RO         3496    i.prvIsQueueEmpty   queue.o
    0x08005a8a   0x08005a8a   0x00000002   PAD
    0x08005a8c   0x08005a8c   0x00000030   Code   RO         3768    i.prvResetNextTaskUnblockTime  tasks.o
    0x08005abc   0x08005abc   0x00000016   Code   RO         3296    i.prvTaskExitError  port.o
    0x08005ad2   0x08005ad2   0x0000007e   Code   RO         3498    i.prvUnlockQueue    queue.o
    0x08005b50   0x08005b50   0x000000e4   Code   RO         3221    i.pvPortMalloc      heap_4.o
    0x08005c34   0x08005c34   0x00000024   Code   RO         3297    i.pxPortInitialiseStack  port.o
    0x08005c58   0x08005c58   0x0000000c   Code   RO          249    i.set_as608_ok      freertos_test.o
    0x08005c64   0x08005c64   0x000000f8   Code   RO          250    i.start_task        freertos_test.o
    0x08005d5c   0x08005d5c   0x000000a0   Code   RO          629    i.usart_init        usart.o
    0x08005dfc   0x08005dfc   0x00000028   Code   RO         3457    i.uxListRemove      list.o
    0x08005e24   0x08005e24   0x0000000c   Code   RO         3772    i.uxTaskGetNumberOfTasks  tasks.o
    0x08005e30   0x08005e30   0x0000001a   Code   RO         3458    i.vListInitialise   list.o
    0x08005e4a   0x08005e4a   0x00000006   Code   RO         3459    i.vListInitialiseItem  list.o
    0x08005e50   0x08005e50   0x00000034   Code   RO         3460    i.vListInsert       list.o
    0x08005e84   0x08005e84   0x00000018   Code   RO         3461    i.vListInsertEnd    list.o
    0x08005e9c   0x08005e9c   0x00000024   Code   RO         3299    i.vPortEnterCritical  port.o
    0x08005ec0   0x08005ec0   0x00000020   Code   RO         3300    i.vPortExitCritical  port.o
    0x08005ee0   0x08005ee0   0x0000004c   Code   RO         3222    i.vPortFree         heap_4.o
    0x08005f2c   0x08005f2c   0x00000018   Code   RO         3301    i.vPortSetupTimerInterrupt  port.o
    0x08005f44   0x08005f44   0x00000034   Code   RO         3776    i.vTaskDelay        tasks.o
    0x08005f78   0x08005f78   0x000000d4   Code   RO         3777    i.vTaskDelete       tasks.o
    0x0800604c   0x0800604c   0x00000018   Code   RO         3780    i.vTaskInternalSetTimeOutState  tasks.o
    0x08006064   0x08006064   0x0000000c   Code   RO         3781    i.vTaskMissedYield  tasks.o
    0x08006070   0x08006070   0x00000020   Code   RO         3782    i.vTaskPlaceOnEventList  tasks.o
    0x08006090   0x08006090   0x0000006c   Code   RO         3788    i.vTaskStartScheduler  tasks.o
    0x080060fc   0x080060fc   0x00000010   Code   RO         3790    i.vTaskSuspendAll   tasks.o
    0x0800610c   0x0800610c   0x00000060   Code   RO         3791    i.vTaskSwitchContext  tasks.o
    0x0800616c   0x0800616c   0x00000034   Code   RO         3302    i.xPortStartScheduler  port.o
    0x080061a0   0x080061a0   0x0000004c   Code   RO         3503    i.xQueueGenericCreate  queue.o
    0x080061ec   0x080061ec   0x000000a0   Code   RO         3504    i.xQueueGenericReset  queue.o
    0x0800628c   0x0800628c   0x00000084   Code   RO         3507    i.xQueueGiveFromISR  queue.o
    0x08006310   0x08006310   0x000000f0   Code   RO         3514    i.xQueueSemaphoreTake  queue.o
    0x08006400   0x08006400   0x00000060   Code   RO         3793    i.xTaskCheckForTimeOut  tasks.o
    0x08006460   0x08006460   0x00000068   Code   RO         3794    i.xTaskCreate       tasks.o
    0x080064c8   0x080064c8   0x00000020   Code   RO         3801    i.xTaskGetSchedulerState  tasks.o
    0x080064e8   0x080064e8   0x00000190   Code   RO         3804    i.xTaskIncrementTick  tasks.o
    0x08006678   0x08006678   0x00000108   Code   RO         3805    i.xTaskRemoveFromEventList  tasks.o
    0x08006780   0x08006780   0x0000015c   Code   RO         3806    i.xTaskResumeAll    tasks.o
    0x080068dc   0x080068dc   0x00000010   Data   RO          833    .constdata          esp8266.o
    0x080068ec   0x080068ec   0x00000020   Data   RO         1260    .constdata          keypad.o
    0x0800690c   0x0800690c   0x000005f0   Data   RO         1305    .constdata          oled.o
    0x08006efc   0x08006efc   0x00000028   Data   RO         4094    .constdata          c_w.l(_printf_hex_int.o)
    0x08006f24   0x08006f24   0x00000011   Data   RO         4124    .constdata          c_w.l(__printf_flags_wp.o)
    0x08006f35   0x08006f35   0x00000003   PAD
    0x08006f38   0x08006f38   0x00000035   Data   RO          834    .conststring        esp8266.o
    0x08006f6d   0x08006f6d   0x00000003   PAD
    0x08006f70   0x08006f70   0x00000020   Data   RO         4327    Region$$Table       anon$$obj.o


    Execution Region RW_IRAM1 (Exec base: 0x20000000, Load base: 0x08006f90, Size: 0x000053c0, Max: 0x00010000, ABSOLUTE)

    Exec Addr    Load Addr    Size         Type   Attr      Idx    E Section Name        Object

    0x20000000   0x08006f90   0x0000001a   Data   RW          251    .data               freertos_test.o
    0x2000001a   0x08006faa   0x00000012   Data   RW          398    .data               door_access.o
    0x2000002c   0x08006fbc   0x00000006   Data   RW          631    .data               usart.o
    0x20000032   0x08006fc2   0x00000002   PAD
    0x20000034   0x08006fc4   0x00000008   Data   RW          675    .data               app_ui.o
    0x2000003c   0x08006fcc   0x00000001   Data   RW          772    .data               servo.o
    0x2000003d   0x08006fcd   0x00000001   PAD
    0x2000003e   0x08006fce   0x00000003   Data   RW          835    .data               esp8266.o
    0x20000041   0x08006fd1   0x00000001   PAD
    0x20000042   0x08006fd2   0x00000002   Data   RW          958    .data               as608_uart.o
    0x20000044   0x08006fd4   0x00000004   Data   RW         1028    .data               as608.o
    0x20000048   0x08006fd8   0x00000001   Data   RW         1261    .data               keypad.o
    0x20000049   0x08006fd9   0x00000001   Data   RW         1306    .data               oled.o
    0x2000004a   0x08006fda   0x0000000b   Data   RW         1482    .data               app_state.o
    0x20000055   0x08006fe5   0x00000014   Data   RW         1786    .data               stm32f10x_rcc.o
    0x20000069   0x08006ff9   0x00000003   PAD
    0x2000006c   0x08006ffc   0x0000001c   Data   RW         3228    .data               heap_4.o
    0x20000088   0x08007018   0x00000004   Data   RW         3303    .data               port.o
    0x2000008c   0x0800701c   0x00000040   Data   RW         3809    .data               tasks.o
    0x200000cc        -       0x00000010   Zero   RW          397    .bss                door_access.o
    0x200000dc        -       0x000000c8   Zero   RW          630    .bss                usart.o
    0x200001a4        -       0x00000100   Zero   RW          832    .bss                esp8266.o
    0x200002a4        -       0x00000190   Zero   RW          957    .bss                as608_uart.o
    0x20000434        -       0x00000064   Zero   RW         1027    .bss                as608.o
    0x20000498        -       0x00000400   Zero   RW         1304    .bss                oled.o
    0x20000898        -       0x00004400   Zero   RW         3227    .bss                heap_4.o
    0x20004c98        -       0x000000c8   Zero   RW         3808    .bss                tasks.o
    0x20004d60        -       0x00000060   Zero   RW         4203    .bss                c_w.l(libspace.o)
    0x20004dc0        -       0x00000200   Zero   RW         3211    HEAP                startup_stm32f10x_md.o
    0x20004fc0        -       0x00000400   Zero   RW         3210    STACK               startup_stm32f10x_md.o


==============================================================================

Image component sizes


      Code (inc. data)   RO Data    RW Data    ZI Data      Debug   Object Name

      1944        510          0         11          0       8400   app_state.o
       430         74          0          8          0       5147   app_ui.o
      2714       1032          0          4        100      15350   as608.o
       476         38          0          2        400       3573   as608_uart.o
       166         16          0          0          0       2807   beep.o
        70          0          0          0          0       1859   delay.o
      2054        576          0         18         16      10926   door_access.o
      2908       1322         69          3        256      12445   esp8266.o
         0          0          0          0          0      12172   event_groups.o
      1128        486          0         26          0      23028   freertos_test.o
       520         58          0         28      17408       7343   heap_4.o
       478         60         32          1          0       3569   keypad.o
        80         14          0          0          0       1368   led.o
       148          0          0          0          0       3306   list.o
       476        260          0          0          0     263179   main.o
       132         22          0          0          0       1663   misc.o
      1110         72       1520          1       1024       8233   oled.o
       404         48          0          4          0       9476   port.o
       580        124          0          0          0      18624   power.o
       798         10          0          0          0      10297   queue.o
      1350         34          0          0          0      10537   rc522.o
       316         42          0          1          0       3331   servo.o
        64         26        236          0       1536        940   startup_stm32f10x_md.o
       200         18          0          0          0       2280   stm32f10x_exti.o
       378          4          0          0          0       5150   stm32f10x_gpio.o
        44          4          0          0          0       3109   stm32f10x_it.o
        64         10          0          0          0        684   stm32f10x_pwr.o
       520         60          0         20          0       8236   stm32f10x_rcc.o
       112          0          0          0          0       4086   stm32f10x_spi.o
       468         52          0          0          0       6933   stm32f10x_tim.o
       442          6          0          0          0       6505   stm32f10x_usart.o
       328         28          0          0          0       2233   system_stm32f10x.o
      2632        364          0         64        200      31491   tasks.o
       188         18          0          0          0       1160   timer.o
       328         26          0          6        200       4125   usart.o
       776         46          0          0          0       5966   w25qxx.o

    ----------------------------------------------------------------------
     24866       5460       1892        204      21140     519531   Object Totals
         0          0         32          0          0          0   (incl. Generated)
        40          0          3          7          0          0   (incl. Padding)

    ----------------------------------------------------------------------

      Code (inc. data)   RO Data    RW Data    ZI Data      Debug   Library Member Name

         8          0          0          0          0         68   __main.o
       312          4         17          0          0         92   __printf_flags_wp.o
        14          0          0          0          0         68   __printf_wp.o
         0          0          0          0          0          0   __rtentry.o
        12          0          0          0          0          0   __rtentry2.o
         6          0          0          0          0          0   __rtentry4.o
        52          8          0          0          0          0   __scatter.o
        26          0          0          0          0          0   __scatter_copy.o
        28          0          0          0          0          0   __scatter_zi.o
         6          0          0          0          0          0   _printf_c.o
        44          0          0          0          0        108   _printf_char.o
        48          6          0          0          0         96   _printf_char_common.o
        36          4          0          0          0         80   _printf_char_file.o
         6          0          0          0          0          0   _printf_d.o
       120         16          0          0          0         92   _printf_dec.o
        88          4         40          0          0         88   _printf_hex_int.o
       178          0          0          0          0         88   _printf_intcommon.o
        78          0          0          0          0        108   _printf_pad.o
         0          0          0          0          0          0   _printf_percent.o
         4          0          0          0          0          0   _printf_percent_end.o
         6          0          0          0          0          0   _printf_s.o
        82          0          0          0          0         80   _printf_str.o
         6          0          0          0          0          0   _printf_u.o
         6          0          0          0          0          0   _printf_x.o
        10          0          0          0          0         68   _sputc.o
        18          0          0          0          0         80   exit.o
         8          0          0          0          0         68   ferror.o
         6          0          0          0          0        152   heapauxi.o
         2          0          0          0          0          0   libinit.o
         2          0          0          0          0          0   libinit2.o
         2          0          0          0          0          0   libshutdown.o
         2          0          0          0          0          0   libshutdown2.o
         8          4          0          0         96         68   libspace.o
        88          0          0          0          0         76   memcmp.o
        24          4          0          0          0         84   noretval__2printf.o
        40          6          0          0          0         84   noretval__2sprintf.o
        68          0          0          0          0         68   rt_memclr.o
        78          0          0          0          0         80   rt_memclr_w.o
         2          0          0          0          0          0   rtexit.o
        10          0          0          0          0          0   rtexit2.o
        24          0          0          0          0         68   strcat.o
        62          0          0          0          0         76   strlen.o
        36          0          0          0          0         80   strstr.o
        74          0          0          0          0         80   sys_stackheap_outer.o
         2          0          0          0          0         68   use_no_semi.o
         2          0          0          0          0         68   use_no_semi_2.o

    ----------------------------------------------------------------------
      1742         56         60          0         96       2236   Library Totals
         8          0          3          0          0          0   (incl. Padding)

    ----------------------------------------------------------------------

      Code (inc. data)   RO Data    RW Data    ZI Data      Debug   Library Name

      1734         56         57          0         96       2236   c_w.l

    ----------------------------------------------------------------------
      1742         56         60          0         96       2236   Library Totals

    ----------------------------------------------------------------------

==============================================================================


      Code (inc. data)   RO Data    RW Data    ZI Data      Debug   

     26608       5516       1952        204      21236     507099   Grand Totals
     26608       5516       1952        204      21236     507099   ELF Image Totals
     26608       5516       1952        204          0          0   ROM Totals

==============================================================================

    Total RO  Size (Code + RO Data)                28560 (  27.89kB)
    Total RW  Size (RW Data + ZI Data)             21440 (  20.94kB)
    Total ROM Size (Code + RO Data + RW Data)      28764 (  28.09kB)

==============================================================================

